../Drivers/CMSIS/Include/core_cm4.h:2064:26:ITM_SendChar	4
../Core/Src/main.c:118:5:__io_putchar	1
../Core/Src/main.c:129:5:main	10
../Core/Src/main.c:237:6:SystemClock_Config	4
../Core/Src/main.c:288:6:MPU6050_Init	3
../Core/Src/main.c:332:6:MPU6050_Calibrate	2
../Core/Src/main.c:374:6:MPU6050_Reset	1
../Core/Src/main.c:380:6:MPU6050_ReadAcc	1
../Core/Src/main.c:406:6:MPU6050_ReadGyro	1
../Core/Src/main.c:431:5:ReadButton	1
../Core/Src/main.c:437:7:MinMaxScaler_Acc	1
../Core/Src/main.c:442:7:MinMaxScaler_Gyro	1
../Core/Src/main.c:448:6:Shift_Data	2
../Core/Src/main.c:457:6:Display_Data	3
../Core/Src/main.c:469:5:AI_Init	2
../Core/Src/main.c:492:5:AI_Run	3
../Core/Src/main.c:518:6:Gather_Data	2
../Core/Src/main.c:539:6:Error_Handler	1
