Archive member included to satisfy reference by file (symbol)

../Middlewares/ST/AI/Lib\NetworkRuntime1010_CM4_GCC.a(ai_platform.o)
                              ./X-CUBE-AI/App/circle.o (ai_buffer_array_item_set_address)
../Middlewares/ST/AI/Lib\NetworkRuntime1010_CM4_GCC.a(ai_platform_interface.o)
                              ./X-CUBE-AI/App/circle.o (ai_platform_get_weights_map)
../Middlewares/ST/AI/Lib\NetworkRuntime1010_CM4_GCC.a(core_common.o)
                              ../Middlewares/ST/AI/Lib\NetworkRuntime1010_CM4_GCC.a(ai_platform_interface.o) (core_init)
../Middlewares/ST/AI/Lib\NetworkRuntime1010_CM4_GCC.a(core_mem_manager.o)
                              ../Middlewares/ST/AI/Lib\NetworkRuntime1010_CM4_GCC.a(ai_platform_interface.o) (core_mem_alloc)
../Middlewares/ST/AI/Lib\NetworkRuntime1010_CM4_GCC.a(layers.o)
                              ../Middlewares/ST/AI/Lib\NetworkRuntime1010_CM4_GCC.a(ai_platform_interface.o) (ai_check_custom_types)
../Middlewares/ST/AI/Lib\NetworkRuntime1010_CM4_GCC.a(layers_conv2d_generic_float.o)
                              ./X-CUBE-AI/App/circle.o (forward_conv2d_if32of32wf32)
../Middlewares/ST/AI/Lib\NetworkRuntime1010_CM4_GCC.a(layers_nl_generic_float.o)
                              ./X-CUBE-AI/App/circle.o (forward_relu)
../Middlewares/ST/AI/Lib\NetworkRuntime1010_CM4_GCC.a(layers_pool_generic_float.o)
                              ./X-CUBE-AI/App/circle.o (forward_mp)
../Middlewares/ST/AI/Lib\NetworkRuntime1010_CM4_GCC.a(layers_conv2d_integer_scratch.o)
                              ../Middlewares/ST/AI/Lib\NetworkRuntime1010_CM4_GCC.a(layers.o) (get_dense_scratch_size_s8)
../Middlewares/ST/AI/Lib\NetworkRuntime1010_CM4_GCC.a(forward_lite_conv2d_if32of32wf32.o)
                              ../Middlewares/ST/AI/Lib\NetworkRuntime1010_CM4_GCC.a(layers_conv2d_generic_float.o) (forward_lite_conv2d_if32of32wf32)
../Middlewares/ST/AI/Lib\NetworkRuntime1010_CM4_GCC.a(lite_nl_softmax_if32of32.o)
                              ../Middlewares/ST/AI/Lib\NetworkRuntime1010_CM4_GCC.a(layers_nl_generic_float.o) (forward_lite_nl_softmax_if32of32_kernel)
../Middlewares/ST/AI/Lib\NetworkRuntime1010_CM4_GCC.a(lite_nl_relu_if32of32.o)
                              ../Middlewares/ST/AI/Lib\NetworkRuntime1010_CM4_GCC.a(layers_nl_generic_float.o) (forward_lite_nl_prelu_if32of32_kernel)
../Middlewares/ST/AI/Lib\NetworkRuntime1010_CM4_GCC.a(lite_dense_if32.o)
                              ../Middlewares/ST/AI/Lib\NetworkRuntime1010_CM4_GCC.a(layers_conv2d_generic_float.o) (lite_decompress_ilutof32)
../Middlewares/ST/AI/Lib\NetworkRuntime1010_CM4_GCC.a(lite_nl_generic_float.o)
                              ../Middlewares/ST/AI/Lib\NetworkRuntime1010_CM4_GCC.a(layers_nl_generic_float.o) (forward_lite_nl_softmax_if32of32)
../Middlewares/ST/AI/Lib\NetworkRuntime1010_CM4_GCC.a(st_int8_fill.o)
                              ../Middlewares/ST/AI/Lib\NetworkRuntime1010_CM4_GCC.a(ai_platform_interface.o) (st_int8_copy)
../Middlewares/ST/AI/Lib\NetworkRuntime1010_CM4_GCC.a(ai_math_helpers.o)
                              ../Middlewares/ST/AI/Lib\NetworkRuntime1010_CM4_GCC.a(layers_nl_generic_float.o) (ai_math_sqrt)
../Middlewares/ST/AI/Lib\NetworkRuntime1010_CM4_GCC.a(ai_datatypes_format.o)
                              ../Middlewares/ST/AI/Lib\NetworkRuntime1010_CM4_GCC.a(ai_platform_interface.o) (ai_array_to_buffer_fmt)
../Middlewares/ST/AI/Lib\NetworkRuntime1010_CM4_GCC.a(ai_datatypes_internal.o)
                              ../Middlewares/ST/AI/Lib\NetworkRuntime1010_CM4_GCC.a(ai_platform_interface.o) (ai_version_get)
../Middlewares/ST/AI/Lib\NetworkRuntime1010_CM4_GCC.a(ai_math_elementwise_mul_int8.o)
                              ../Middlewares/ST/AI/Lib\NetworkRuntime1010_CM4_GCC.a(ai_math_helpers.o) (ai_math_elementwise_mul_int8)
../Middlewares/ST/AI/Lib\NetworkRuntime1010_CM4_GCC.a(ai_math_elementwise_sum_int8.o)
                              ../Middlewares/ST/AI/Lib\NetworkRuntime1010_CM4_GCC.a(ai_math_helpers.o) (ai_math_elementwise_sum_int8)
../Middlewares/ST/AI/Lib\NetworkRuntime1010_CM4_GCC.a(st_align_factor.o)
                              ../Middlewares/ST/AI/Lib\NetworkRuntime1010_CM4_GCC.a(ai_math_helpers.o) (align_factor)
C:/ST/STM32CubeIDE_1.16.1/STM32CubeIDE/plugins/com.st.stm32cube.ide.mcu.externaltools.gnu-tools-for-stm32.13.3.rel1.win32_1.0.0.202411081344/tools/bin/../lib/gcc/arm-none-eabi/13.3.1/../../../../arm-none-eabi/lib/thumb/v7e-m+fp/hard\libc_nano.a(libc_a-exit.o)
                              C:/ST/STM32CubeIDE_1.16.1/STM32CubeIDE/plugins/com.st.stm32cube.ide.mcu.externaltools.gnu-tools-for-stm32.13.3.rel1.win32_1.0.0.202411081344/tools/bin/../lib/gcc/arm-none-eabi/13.3.1/../../../../arm-none-eabi/lib/thumb/v7e-m+fp/hard/crt0.o (exit)
[...]
Memory Configuration

Name             Origin             Length             Attributes
RAM              0x20000000         0x00020000         xrw
FLASH            0x08000000         0x00080000         xr
*default*        0x00000000         0xffffffff

Linker script and memory map

LOAD C:/ST/STM32CubeIDE_1.16.1/STM32CubeIDE/plugins/com.st.stm32cube.ide.mcu.externaltools.gnu-tools-for-stm32.13.3.rel1.win32_1.0.0.202411081344/tools/bin/../lib/gcc/arm-none-eabi/13.3.1/thumb/v7e-m+fp/hard/crti.o
LOAD C:/ST/STM32CubeIDE_1.16.1/STM32CubeIDE/plugins/com.st.stm32cube.ide.mcu.externaltools.gnu-tools-for-stm32.13.3.rel1.win32_1.0.0.202411081344/tools/bin/../lib/gcc/arm-none-eabi/13.3.1/thumb/v7e-m+fp/hard/crtbegin.o
LOAD C:/ST/STM32CubeIDE_1.16.1/STM32CubeIDE/plugins/com.st.stm32cube.ide.mcu.externaltools.gnu-tools-for-stm32.13.3.rel1.win32_1.0.0.202411081344/tools/bin/../lib/gcc/arm-none-eabi/13.3.1/../../../../arm-none-eabi/lib/thumb/v7e-m+fp/hard/crt0.o
LOAD ./Core/Src/gpio.o
LOAD ./Core/Src/i2c.o
LOAD ./Core/Src/main.o
LOAD ./Core/Src/stm32f4xx_hal_msp.o
LOAD ./Core/Src/stm32f4xx_it.o
LOAD ./Core/Src/syscalls.o
LOAD ./Core/Src/sysmem.o
LOAD ./Core/Src/system_stm32f4xx.o
LOAD ./Core/Src/usart.o
LOAD ./Core/Startup/startup_stm32f446retx.o
LOAD ./Drivers/STM32F4xx_HAL_Driver/Src/stm32f4xx_hal.o
LOAD ./Drivers/STM32F4xx_HAL_Driver/Src/stm32f4xx_hal_cortex.o
LOAD ./Drivers/STM32F4xx_HAL_Driver/Src/stm32f4xx_hal_dma.o
LOAD ./Drivers/STM32F4xx_HAL_Driver/Src/stm32f4xx_hal_dma_ex.o
LOAD ./Drivers/STM32F4xx_HAL_Driver/Src/stm32f4xx_hal_exti.o
LOAD ./Drivers/STM32F4xx_HAL_Driver/Src/stm32f4xx_hal_flash.o
LOAD ./Drivers/STM32F4xx_HAL_Driver/Src/stm32f4xx_hal_flash_ex.o
LOAD ./Drivers/STM32F4xx_HAL_Driver/Src/stm32f4xx_hal_flash_ramfunc.o
LOAD ./Drivers/STM32F4xx_HAL_Driver/Src/stm32f4xx_hal_gpio.o
LOAD ./Drivers/STM32F4xx_HAL_Driver/Src/stm32f4xx_hal_i2c.o
LOAD ./Drivers/STM32F4xx_HAL_Driver/Src/stm32f4xx_hal_i2c_ex.o
LOAD ./Drivers/STM32F4xx_HAL_Driver/Src/stm32f4xx_hal_pwr.o
LOAD ./Drivers/STM32F4xx_HAL_Driver/Src/stm32f4xx_hal_pwr_ex.o
LOAD ./Drivers/STM32F4xx_HAL_Driver/Src/stm32f4xx_hal_rcc.o
LOAD ./Drivers/STM32F4xx_HAL_Driver/Src/stm32f4xx_hal_rcc_ex.o
LOAD ./Drivers/STM32F4xx_HAL_Driver/Src/stm32f4xx_hal_uart.o
LOAD ./X-CUBE-AI/App/circle.o
LOAD ./X-CUBE-AI/App/circle_data.o
LOAD ./X-CUBE-AI/App/circle_data_params.o
LOAD ../Middlewares/ST/AI/Lib\NetworkRuntime1010_CM4_GCC.a
START GROUP
LOAD C:/ST/STM32CubeIDE_1.16.1/STM32CubeIDE/plugins/com.st.stm32cube.ide.mcu.externaltools.gnu-tools-for-stm32.13.3.rel1.win32_1.0.0.202411081344/tools/bin/../lib/gcc/arm-none-eabi/13.3.1/../../../../arm-none-eabi/lib/thumb/v7e-m+fp/hard\libc_nano.a
LOAD C:/ST/STM32CubeIDE_1.16.1/STM32CubeIDE/plugins/com.st.stm32cube.ide.mcu.externaltools.gnu-tools-for-stm32.13.3.rel1.win32_1.0.0.202411081344/tools/bin/../lib/gcc/arm-none-eabi/13.3.1/../../../../arm-none-eabi/lib/thumb/v7e-m+fp/hard\libm.a
END GROUP
START GROUP
LOAD C:/ST/STM32CubeIDE_1.16.1/STM32CubeIDE/plugins/com.st.stm32cube.ide.mcu.externaltools.gnu-tools-for-stm32.13.3.rel1.win32_1.0.0.202411081344/tools/bin/../lib/gcc/arm-none-eabi/13.3.1/thumb/v7e-m+fp/hard\libgcc.a
LOAD C:/ST/STM32CubeIDE_1.16.1/STM32CubeIDE/plugins/com.st.stm32cube.ide.mcu.externaltools.gnu-tools-for-stm32.13.3.rel1.win32_1.0.0.202411081344/tools/bin/../lib/gcc/arm-none-eabi/13.3.1/../../../../arm-none-eabi/lib/thumb/v7e-m+fp/hard\libc_nano.a
END GROUP
START GROUP
LOAD C:/ST/STM32CubeIDE_1.16.1/STM32CubeIDE/plugins/com.st.stm32cube.ide.mcu.externaltools.gnu-tools-for-stm32.13.3.rel1.win32_1.0.0.202411081344/tools/bin/../lib/gcc/arm-none-eabi/13.3.1/thumb/v7e-m+fp/hard\libgcc.a
LOAD C:/ST/STM32CubeIDE_1.16.1/STM32CubeIDE/plugins/com.st.stm32cube.ide.mcu.externaltools.gnu-tools-for-stm32.13.3.rel1.win32_1.0.0.202411081344/tools/bin/../lib/gcc/arm-none-eabi/13.3.1/../../../../arm-none-eabi/lib/thumb/v7e-m+fp/hard\libc_nano.a
LOAD C:/ST/STM32CubeIDE_1.16.1/STM32CubeIDE/plugins/com.st.stm32cube.ide.mcu.externaltools.gnu-tools-for-stm32.13.3.rel1.win32_1.0.0.202411081344/tools/bin/../lib/gcc/arm-none-eabi/13.3.1/../../../../arm-none-eabi/lib/thumb/v7e-m+fp/hard\libnosys.a
END GROUP
START GROUP
LOAD C:/ST/STM32CubeIDE_1.16.1/STM32CubeIDE/plugins/com.st.stm32cube.ide.mcu.externaltools.gnu-tools-for-stm32.13.3.rel1.win32_1.0.0.202411081344/tools/bin/../lib/gcc/arm-none-eabi/13.3.1/thumb/v7e-m+fp/hard\libgcc.a
LOAD C:/ST/STM32CubeIDE_1.16.1/STM32CubeIDE/plugins/com.st.stm32cube.ide.mcu.externaltools.gnu-tools-for-stm32.13.3.rel1.win32_1.0.0.202411081344/tools/bin/../lib/gcc/arm-none-eabi/13.3.1/../../../../arm-none-eabi/lib/thumb/v7e-m+fp/hard\libc_nano.a
LOAD C:/ST/STM32CubeIDE_1.16.1/STM32CubeIDE/plugins/com.st.stm32cube.ide.mcu.externaltools.gnu-tools-for-stm32.13.3.rel1.win32_1.0.0.202411081344/tools/bin/../lib/gcc/arm-none-eabi/13.3.1/../../../../arm-none-eabi/lib/thumb/v7e-m+fp/hard\libnosys.a
END GROUP
LOAD C:/ST/STM32CubeIDE_1.16.1/STM32CubeIDE/plugins/com.st.stm32cube.ide.mcu.externaltools.gnu-tools-for-stm32.13.3.rel1.win32_1.0.0.202411081344/tools/bin/../lib/gcc/arm-none-eabi/13.3.1/thumb/v7e-m+fp/hard/crtend.o
LOAD C:/ST/STM32CubeIDE_1.16.1/STM32CubeIDE/plugins/com.st.stm32cube.ide.mcu.externaltools.gnu-tools-for-stm32.13.3.rel1.win32_1.0.0.202411081344/tools/bin/../lib/gcc/arm-none-eabi/13.3.1/thumb/v7e-m+fp/hard/crtn.o
                0x20020000                        _estack = (ORIGIN (RAM) + LENGTH (RAM))
                0x00000800                        _Min_Heap_Size = 0x800
                0x00000800                        _Min_Stack_Size = 0x800

.isr_vector     0x08000000      0x1c4
                0x08000000                        . = ALIGN (0x4)
 *(.isr_vector)
 .isr_vector    0x08000000      0x1c4 ./Core/Startup/startup_stm32f446retx.o
                0x08000000                g_pfnVectors
                0x080001c4                        . = ALIGN (0x4)

.text           0x080001d0     0xa02c
                0x080001d0                        . = ALIGN (0x4)
 *(.text)
 .text          0x080001d0       0x40 C:/ST/STM32CubeIDE_1.16.1/STM32CubeIDE/plugins/com.st.stm32cube.ide.mcu.externaltools.gnu-tools-for-stm32.13.3.rel1.win32_1.0.0.202411081344/tools/bin/../lib/gcc/arm-none-eabi/13.3.1/thumb/v7e-m+fp/hard/crtbegin.o
 .text          0x08000210       0xa0 C:/ST/STM32CubeIDE_1.16.1/STM32CubeIDE/plugins/com.st.stm32cube.ide.mcu.externaltools.gnu-tools-for-stm32.13.3.rel1.win32_1.0.0.202411081344/tools/bin/../lib/gcc/arm-none-eabi/13.3.1/../../../../arm-none-eabi/lib/thumb/v7e-m+fp/hard\libc_nano.a(libc_a-memchr.o)
                0x08000210                memchr
 .text          0x080002b0       0x10 C:/ST/STM32CubeIDE_1.16.1/STM32CubeIDE/plugins/com.st.stm32cube.ide.mcu.externaltools.gnu-tools-for-stm32.13.3.rel1.win32_1.0.0.202411081344/tools/bin/../lib/gcc/arm-none-eabi/13.3.1/../../../../arm-none-eabi/lib/thumb/v7e-m+fp/hard\libc_nano.a(libc_a-strlen.o)
                0x080002b0                strlen
 .text          0x080002c0      0x378 C:/ST/STM32CubeIDE_1.16.1/STM32CubeIDE/plugins/com.st.stm32cube.ide.mcu.externaltools.gnu-tools-for-stm32.13.3.rel1.win32_1.0.0.202411081344/tools/bin/../lib/gcc/arm-none-eabi/13.3.1/thumb/v7e-m+fp/hard\libgcc.a(_arm_addsubdf3.o)
                0x080002c0                __aeabi_drsub
                0x080002c8                __aeabi_dsub
                0x080002c8                __subdf3
                0x080002cc                __aeabi_dadd
                0x080002cc                __adddf3
                0x08000544                __floatunsidf
                0x08000544                __aeabi_ui2d
                0x08000564                __floatsidf
                0x08000564                __aeabi_i2d
                0x08000588                __aeabi_f2d
                0x08000588                __extendsfdf2
                0x080005cc                __floatundidf
                0x080005cc                __aeabi_ul2d
                0x080005dc                __floatdidf
                0x080005dc                __aeabi_l2d
 .text          0x08000638      0x424 C:/ST/STM32CubeIDE_1.16.1/STM32CubeIDE/plugins/com.st.stm32cube.ide.mcu.externaltools.gnu-tools-for-stm32.13.3.rel1.win32_1.0.0.202411081344/tools/bin/../lib/gcc/arm-none-eabi/13.3.1/thumb/v7e-m+fp/hard\libgcc.a(_arm_muldivdf3.o)
                0x08000638                __aeabi_dmul
                0x08000638                __muldf3
                0x0800088c                __divdf3
                0x0800088c                __aeabi_ddiv
 .text          0x08000a5c      0x110 C:/ST/STM32CubeIDE_1.16.1/STM32CubeIDE/plugins/com.st.stm32cube.ide.mcu.externaltools.gnu-tools-for-stm32.13.3.rel1.win32_1.0.0.202411081344/tools/bin/../lib/gcc/arm-none-eabi/13.3.1/thumb/v7e-m+fp/hard\libgcc.a(_arm_cmpdf2.o)
                0x08000a5c                __gtdf2
                0x08000a5c                __gedf2
                0x08000a64                __ltdf2
                0x08000a64                __ledf2
                0x08000a6c                __nedf2
                0x08000a6c                __eqdf2
                0x08000a6c                __cmpdf2
                0x08000ae8                __aeabi_cdrcmple
                0x08000af8                __aeabi_cdcmpeq
                0x08000af8                __aeabi_cdcmple
                0x08000b08                __aeabi_dcmpeq
                0x08000b1c                __aeabi_dcmplt
                0x08000b30                __aeabi_dcmple
                0x08000b44                __aeabi_dcmpge
                0x08000b58                __aeabi_dcmpgt
 .text          0x08000b6c       0x2c C:/ST/STM32CubeIDE_1.16.1/STM32CubeIDE/plugins/com.st.stm32cube.ide.mcu.externaltools.gnu-tools-for-stm32.13.3.rel1.win32_1.0.0.202411081344/tools/bin/../lib/gcc/arm-none-eabi/13.3.1/thumb/v7e-m+fp/hard\libgcc.a(_arm_unorddf2.o)
                0x08000b6c                __unorddf2
                0x08000b6c                __aeabi_dcmpun
 .text          0x08000b98       0x50 C:/ST/STM32CubeIDE_1.16.1/STM32CubeIDE/plugins/com.st.stm32cube.ide.mcu.externaltools.gnu-tools-for-stm32.13.3.rel1.win32_1.0.0.202411081344/tools/bin/../lib/gcc/arm-none-eabi/13.3.1/thumb/v7e-m+fp/hard\libgcc.a(_arm_fixdfsi.o)
                0x08000b98                __aeabi_d2iz
                0x08000b98                __fixdfsi
 .text          0x08000be8       0x30 C:/ST/STM32CubeIDE_1.16.1/STM32CubeIDE/plugins/com.st.stm32cube.ide.mcu.externaltools.gnu-tools-for-stm32.13.3.rel1.win32_1.0.0.202411081344/tools/bin/../lib/gcc/arm-none-eabi/13.3.1/thumb/v7e-m+fp/hard\libgcc.a(_aeabi_uldivmod.o)
                0x08000be8                __aeabi_uldivmod
 .text          0x08000c18      0x2f8 C:/ST/STM32CubeIDE_1.16.1/STM32CubeIDE/plugins/com.st.stm32cube.ide.mcu.externaltools.gnu-tools-for-stm32.13.3.rel1.win32_1.0.0.202411081344/tools/bin/../lib/gcc/arm-none-eabi/13.3.1/thumb/v7e-m+fp/hard\libgcc.a(_udivmoddi4.o)
                0x08000c18                __udivmoddi4
 .text          0x08000f10        0x4 C:/ST/STM32CubeIDE_1.16.1/STM32CubeIDE/plugins/com.st.stm32cube.ide.mcu.externaltools.gnu-tools-for-stm32.13.3.rel1.win32_1.0.0.202411081344/tools/bin/../lib/gcc/arm-none-eabi/13.3.1/thumb/v7e-m+fp/hard\libgcc.a(_dvmd_tls.o)
                0x08000f10                __aeabi_idiv0
                0x08000f10                __aeabi_ldiv0
 *(.text*)
 .text.MX_GPIO_Init
                0x08000f14       0xdc ./Core/Src/gpio.o
                0x08000f14                MX_GPIO_Init
 .text.MX_I2C1_Init
                0x08000ff0       0x5c ./Core/Src/i2c.o
                0x08000ff0                MX_I2C1_Init
 .text.HAL_I2C_MspInit
                0x0800104c       0x90 ./Core/Src/i2c.o
                0x0800104c                HAL_I2C_MspInit
 .text.ITM_SendChar
                0x080010dc       0x4e ./Core/Src/main.o
 .text.__io_putchar
                0x0800112a       0x1a ./Core/Src/main.o
                0x0800112a                __io_putchar
 .text.main     0x08001144      0x280 ./Core/Src/main.o
                0x08001144                main
 .text.SystemClock_Config
                0x080013c4       0xe4 ./Core/Src/main.o
                0x080013c4                SystemClock_Config
 .text.MPU6050_Init
                0x080014a8      0x108 ./Core/Src/main.o
                0x080014a8                MPU6050_Init
 .text.MPU6050_Calibrate
                0x080015b0      0x1b0 ./Core/Src/main.o
                0x080015b0                MPU6050_Calibrate
 .text.MPU6050_ReadAcc
                0x08001760      0x11c ./Core/Src/main.o
                0x08001760                MPU6050_ReadAcc
 .text.MPU6050_ReadGyro
                0x0800187c      0x11c ./Core/Src/main.o
                0x0800187c                MPU6050_ReadGyro
 .text.MinMaxScaler_Acc
                0x08001998       0x30 ./Core/Src/main.o
                0x08001998                MinMaxScaler_Acc
 .text.MinMaxScaler_Gyro
                0x080019c8       0x38 ./Core/Src/main.o
                0x080019c8                MinMaxScaler_Gyro
 .text.Shift_Data
                0x08001a00       0x56 ./Core/Src/main.o
                0x08001a00                Shift_Data
 *fill*         0x08001a56        0x2 
 .text.AI_Init  0x08001a58       0x7c ./Core/Src/main.o
                0x08001a58                AI_Init
 .text.AI_Run   0x08001ad4       0x8c ./Core/Src/main.o
                0x08001ad4                AI_Run
 .text.Gather_Data
                0x08001b60      0x138 ./Core/Src/main.o
                0x08001b60                Gather_Data
 .text.Error_Handler
                0x08001c98        0xc ./Core/Src/main.o
                0x08001c98                Error_Handler
 .text.HAL_MspInit
                0x08001ca4       0x50 ./Core/Src/stm32f4xx_hal_msp.o
                0x08001ca4                HAL_MspInit
 .text.NMI_Handler
                0x08001cf4        0x8 ./Core/Src/stm32f4xx_it.o
                0x08001cf4                NMI_Handler
 .text.HardFault_Handler
                0x08001cfc        0x8 ./Core/Src/stm32f4xx_it.o
                0x08001cfc                HardFault_Handler
 .text.MemManage_Handler
                0x08001d04        0x8 ./Core/Src/stm32f4xx_it.o
                0x08001d04                MemManage_Handler
 .text.BusFault_Handler
                0x08001d0c        0x8 ./Core/Src/stm32f4xx_it.o
                0x08001d0c                BusFault_Handler
 .text.UsageFault_Handler
                0x08001d14        0x8 ./Core/Src/stm32f4xx_it.o
                0x08001d14                UsageFault_Handler
 .text.SVC_Handler
                0x08001d1c        0xe ./Core/Src/stm32f4xx_it.o
                0x08001d1c                SVC_Handler
 .text.DebugMon_Handler
                0x08001d2a        0xe ./Core/Src/stm32f4xx_it.o
                0x08001d2a                DebugMon_Handler
 .text.PendSV_Handler
                0x08001d38        0xe ./Core/Src/stm32f4xx_it.o
                0x08001d38                PendSV_Handler
 .text.SysTick_Handler
                0x08001d46        0xc ./Core/Src/stm32f4xx_it.o
                0x08001d46                SysTick_Handler
 .text._getpid  0x08001d52       0x10 ./Core/Src/syscalls.o
                0x08001d52                _getpid
 .text._kill    0x08001d62       0x20 ./Core/Src/syscalls.o
                0x08001d62                _kill
 .text._exit    0x08001d82       0x16 ./Core/Src/syscalls.o
                0x08001d82                _exit
 .text._read    0x08001d98       0x3a ./Core/Src/syscalls.o
                0x08001d98                _read
 .text._write   0x08001dd2       0x38 ./Core/Src/syscalls.o
                0x08001dd2                _write
 .text._close   0x08001e0a       0x18 ./Core/Src/syscalls.o
                0x08001e0a                _close
 .text._fstat   0x08001e22       0x20 ./Core/Src/syscalls.o
                0x08001e22                _fstat
 .text._isatty  0x08001e42       0x16 ./Core/Src/syscalls.o
                0x08001e42                _isatty
 .text._lseek   0x08001e58       0x1a ./Core/Src/syscalls.o
                0x08001e58                _lseek
 *fill*         0x08001e72        0x2 
 .text._sbrk    0x08001e74       0x6c ./Core/Src/sysmem.o
                0x08001e74                _sbrk
 .text.SystemInit
                0x08001ee0       0x24 ./Core/Src/system_stm32f4xx.o
                0x08001ee0                SystemInit
 .text.MX_USART2_UART_Init
                0x08001f04       0x54 ./Core/Src/usart.o
                0x08001f04                MX_USART2_UART_Init
 .text.HAL_UART_MspInit
                0x08001f58       0x90 ./Core/Src/usart.o
                0x08001f58                HAL_UART_MspInit
 .text.Reset_Handler
                0x08001fe8       0x50 ./Core/Startup/startup_stm32f446retx.o
                0x08001fe8                Reset_Handler
 .text.Default_Handler
                0x08002038        0x2 ./Core/Startup/startup_stm32f446retx.o
                0x08002038                RTC_Alarm_IRQHandler
                0x08002038                EXTI2_IRQHandler
                0x08002038                TIM8_CC_IRQHandler
                0x08002038                FMPI2C1_EV_IRQHandler
                0x08002038                SPI4_IRQHandler
                0x08002038                TIM1_CC_IRQHandler
                0x08002038                DMA2_Stream5_IRQHandler
                0x08002038                DMA1_Stream5_IRQHandler
                0x08002038                PVD_IRQHandler
                0x08002038                SDIO_IRQHandler
                0x08002038                TAMP_STAMP_IRQHandler
                0x08002038                CAN2_RX1_IRQHandler
                0x08002038                EXTI3_IRQHandler
                0x08002038                TIM8_TRG_COM_TIM14_IRQHandler
                0x08002038                TIM1_UP_TIM10_IRQHandler
                0x08002038                TIM8_UP_TIM13_IRQHandler
                0x08002038                I2C3_ER_IRQHandler
                0x08002038                EXTI0_IRQHandler
                0x08002038                I2C2_EV_IRQHandler
                0x08002038                DMA1_Stream2_IRQHandler
                0x08002038                CAN1_RX0_IRQHandler
                0x08002038                FPU_IRQHandler
                0x08002038                OTG_HS_WKUP_IRQHandler
                0x08002038                CAN2_SCE_IRQHandler
                0x08002038                DMA2_Stream2_IRQHandler
                0x08002038                SPI1_IRQHandler
                0x08002038                TIM6_DAC_IRQHandler
                0x08002038                TIM1_BRK_TIM9_IRQHandler
                0x08002038                DCMI_IRQHandler
                0x08002038                CAN2_RX0_IRQHandler
                0x08002038                DMA2_Stream3_IRQHandler
                0x08002038                SAI2_IRQHandler
                0x08002038                USART6_IRQHandler
                0x08002038                USART3_IRQHandler
                0x08002038                CAN1_RX1_IRQHandler
                0x08002038                UART5_IRQHandler
                0x08002038                DMA2_Stream0_IRQHandler
                0x08002038                TIM4_IRQHandler
                0x08002038                QUADSPI_IRQHandler
                0x08002038                I2C1_EV_IRQHandler
                0x08002038                DMA1_Stream6_IRQHandler
                0x08002038                DMA1_Stream1_IRQHandler
                0x08002038                UART4_IRQHandler
                0x08002038                TIM3_IRQHandler
                0x08002038                RCC_IRQHandler
                0x08002038                TIM8_BRK_TIM12_IRQHandler
                0x08002038                Default_Handler
                0x08002038                CEC_IRQHandler
                0x08002038                EXTI15_10_IRQHandler
                0x08002038                ADC_IRQHandler
                0x08002038                DMA1_Stream7_IRQHandler
                0x08002038                TIM7_IRQHandler
                0x08002038                CAN2_TX_IRQHandler
                0x08002038                TIM5_IRQHandler
                0x08002038                DMA2_Stream7_IRQHandler
                0x08002038                I2C3_EV_IRQHandler
                0x08002038                EXTI9_5_IRQHandler
                0x08002038                RTC_WKUP_IRQHandler
                0x08002038                SPDIF_RX_IRQHandler
                0x08002038                SPI2_IRQHandler
                0x08002038                OTG_HS_EP1_IN_IRQHandler
                0x08002038                DMA1_Stream0_IRQHandler
                0x08002038                CAN1_TX_IRQHandler
                0x08002038                FMPI2C1_ER_IRQHandler
                0x08002038                EXTI4_IRQHandler
                0x08002038                OTG_HS_EP1_OUT_IRQHandler
                0x08002038                WWDG_IRQHandler
                0x08002038                TIM2_IRQHandler
                0x08002038                OTG_FS_WKUP_IRQHandler
                0x08002038                TIM1_TRG_COM_TIM11_IRQHandler
                0x08002038                OTG_HS_IRQHandler
                0x08002038                EXTI1_IRQHandler
                0x08002038                USART2_IRQHandler
                0x08002038                I2C2_ER_IRQHandler
                0x08002038                DMA2_Stream1_IRQHandler
                0x08002038                CAN1_SCE_IRQHandler
                0x08002038                FLASH_IRQHandler
                0x08002038                DMA2_Stream4_IRQHandler
                0x08002038                USART1_IRQHandler
                0x08002038                OTG_FS_IRQHandler
                0x08002038                SPI3_IRQHandler
                0x08002038                DMA1_Stream4_IRQHandler
                0x08002038                I2C1_ER_IRQHandler
                0x08002038                FMC_IRQHandler
                0x08002038                DMA2_Stream6_IRQHandler
                0x08002038                SAI1_IRQHandler
                0x08002038                DMA1_Stream3_IRQHandler
 *fill*         0x0800203a        0x2 
 .text.HAL_Init
                0x0800203c       0x44 ./Drivers/STM32F4xx_HAL_Driver/Src/stm32f4xx_hal.o
                0x0800203c                HAL_Init
 .text.HAL_InitTick
                0x08002080       0x60 ./Drivers/STM32F4xx_HAL_Driver/Src/stm32f4xx_hal.o
                0x08002080                HAL_InitTick
 .text.HAL_IncTick
                0x080020e0       0x28 ./Drivers/STM32F4xx_HAL_Driver/Src/stm32f4xx_hal.o
                0x080020e0                HAL_IncTick
 .text.HAL_GetTick
                0x08002108       0x18 ./Drivers/STM32F4xx_HAL_Driver/Src/stm32f4xx_hal.o
                0x08002108                HAL_GetTick
 .text.HAL_Delay
                0x08002120       0x48 ./Drivers/STM32F4xx_HAL_Driver/Src/stm32f4xx_hal.o
                0x08002120                HAL_Delay
 .text.__NVIC_SetPriorityGrouping
                0x08002168       0x48 ./Drivers/STM32F4xx_HAL_Driver/Src/stm32f4xx_hal_cortex.o
 .text.__NVIC_GetPriorityGrouping
                0x080021b0       0x1c ./Drivers/STM32F4xx_HAL_Driver/Src/stm32f4xx_hal_cortex.o
 .text.__NVIC_SetPriority
                0x080021cc       0x54 ./Drivers/STM32F4xx_HAL_Driver/Src/stm32f4xx_hal_cortex.o
 .text.NVIC_EncodePriority
                0x08002220       0x66 ./Drivers/STM32F4xx_HAL_Driver/Src/stm32f4xx_hal_cortex.o
 *fill*         0x08002286        0x2 
 .text.SysTick_Config
                0x08002288       0x44 ./Drivers/STM32F4xx_HAL_Driver/Src/stm32f4xx_hal_cortex.o
 .text.HAL_NVIC_SetPriorityGrouping
                0x080022cc       0x16 ./Drivers/STM32F4xx_HAL_Driver/Src/stm32f4xx_hal_cortex.o
                0x080022cc                HAL_NVIC_SetPriorityGrouping
 .text.HAL_NVIC_SetPriority
                0x080022e2       0x38 ./Drivers/STM32F4xx_HAL_Driver/Src/stm32f4xx_hal_cortex.o
                0x080022e2                HAL_NVIC_SetPriority
 .text.HAL_SYSTICK_Config
                0x0800231a       0x18 ./Drivers/STM32F4xx_HAL_Driver/Src/stm32f4xx_hal_cortex.o
                0x0800231a                HAL_SYSTICK_Config
 *fill*         0x08002332        0x2 
 .text.HAL_GPIO_Init
                0x08002334      0x328 ./Drivers/STM32F4xx_HAL_Driver/Src/stm32f4xx_hal_gpio.o
                0x08002334                HAL_GPIO_Init
 .text.HAL_GPIO_WritePin
                0x0800265c       0x32 ./Drivers/STM32F4xx_HAL_Driver/Src/stm32f4xx_hal_gpio.o
                0x0800265c                HAL_GPIO_WritePin
 *fill*         0x0800268e        0x2 
 .text.HAL_I2C_Init
                0x08002690      0x288 ./Drivers/STM32F4xx_HAL_Driver/Src/stm32f4xx_hal_i2c.o
                0x08002690                HAL_I2C_Init
 .text.HAL_I2C_Mem_Write
                0x08002918      0x1f4 ./Drivers/STM32F4xx_HAL_Driver/Src/stm32f4xx_hal_i2c.o
                0x08002918                HAL_I2C_Mem_Write
 .text.HAL_I2C_Mem_Read
                0x08002b0c      0x464 ./Drivers/STM32F4xx_HAL_Driver/Src/stm32f4xx_hal_i2c.o
                0x08002b0c                HAL_I2C_Mem_Read
 .text.HAL_I2C_IsDeviceReady
                0x08002f70      0x25c ./Drivers/STM32F4xx_HAL_Driver/Src/stm32f4xx_hal_i2c.o
                0x08002f70                HAL_I2C_IsDeviceReady
 .text.I2C_RequestMemoryWrite
                0x080031cc      0x12c ./Drivers/STM32F4xx_HAL_Driver/Src/stm32f4xx_hal_i2c.o
 .text.I2C_RequestMemoryRead
                0x080032f8      0x1d0 ./Drivers/STM32F4xx_HAL_Driver/Src/stm32f4xx_hal_i2c.o
 .text.I2C_WaitOnFlagUntilTimeout
                0x080034c8       0xf4 ./Drivers/STM32F4xx_HAL_Driver/Src/stm32f4xx_hal_i2c.o
 .text.I2C_WaitOnMasterAddressFlagUntilTimeout
                0x080035bc      0x140 ./Drivers/STM32F4xx_HAL_Driver/Src/stm32f4xx_hal_i2c.o
 .text.I2C_WaitOnTXEFlagUntilTimeout
                0x080036fc       0x90 ./Drivers/STM32F4xx_HAL_Driver/Src/stm32f4xx_hal_i2c.o
 .text.I2C_WaitOnBTFFlagUntilTimeout
                0x0800378c       0x90 ./Drivers/STM32F4xx_HAL_Driver/Src/stm32f4xx_hal_i2c.o
 .text.I2C_WaitOnRXNEFlagUntilTimeout
                0x0800381c       0xba ./Drivers/STM32F4xx_HAL_Driver/Src/stm32f4xx_hal_i2c.o
 .text.I2C_IsAcknowledgeFailed
                0x080038d6       0x5e ./Drivers/STM32F4xx_HAL_Driver/Src/stm32f4xx_hal_i2c.o
 .text.HAL_PWREx_EnableOverDrive
                0x08003934       0xa0 ./Drivers/STM32F4xx_HAL_Driver/Src/stm32f4xx_hal_pwr_ex.o
                0x08003934                HAL_PWREx_EnableOverDrive
 .text.HAL_RCC_ClockConfig
                0x080039d4      0x1cc ./Drivers/STM32F4xx_HAL_Driver/Src/stm32f4xx_hal_rcc.o
                0x080039d4                HAL_RCC_ClockConfig
 .text.HAL_RCC_GetHCLKFreq
                0x08003ba0       0x18 ./Drivers/STM32F4xx_HAL_Driver/Src/stm32f4xx_hal_rcc.o
                0x08003ba0                HAL_RCC_GetHCLKFreq
 .text.HAL_RCC_GetPCLK1Freq
                0x08003bb8       0x28 ./Drivers/STM32F4xx_HAL_Driver/Src/stm32f4xx_hal_rcc.o
                0x08003bb8                HAL_RCC_GetPCLK1Freq
 .text.HAL_RCC_GetPCLK2Freq
                0x08003be0       0x28 ./Drivers/STM32F4xx_HAL_Driver/Src/stm32f4xx_hal_rcc.o
                0x08003be0                HAL_RCC_GetPCLK2Freq
 .text.HAL_RCC_GetSysClockFreq
                0x08003c08      0x460 ./Drivers/STM32F4xx_HAL_Driver/Src/stm32f4xx_hal_rcc_ex.o
                0x08003c08                HAL_RCC_GetSysClockFreq
 .text.HAL_RCC_OscConfig
                0x08004068      0x53c ./Drivers/STM32F4xx_HAL_Driver/Src/stm32f4xx_hal_rcc_ex.o
                0x08004068                HAL_RCC_OscConfig
 .text.HAL_UART_Init
                0x080045a4       0xa0 ./Drivers/STM32F4xx_HAL_Driver/Src/stm32f4xx_hal_uart.o
                0x080045a4                HAL_UART_Init
 .text.UART_SetConfig
                0x08004644      0x4e8 ./Drivers/STM32F4xx_HAL_Driver/Src/stm32f4xx_hal_uart.o
 .text.circle_configure_activations
                0x08004b2c      0x168 ./X-CUBE-AI/App/circle.o
 .text.circle_configure_weights
                0x08004c94      0x198 ./X-CUBE-AI/App/circle.o
 .text.ai_circle_get_error
                0x08004e2c       0x18 ./X-CUBE-AI/App/circle.o
                0x08004e2c                ai_circle_get_error
 .text.ai_circle_create
                0x08004e44       0x2c ./X-CUBE-AI/App/circle.o
                0x08004e44                ai_circle_create
 .text.ai_circle_create_and_init
                0x08004e70       0xfc ./X-CUBE-AI/App/circle.o
                0x08004e70                ai_circle_create_and_init
 .text.ai_circle_inputs_get
                0x08004f6c       0x34 ./X-CUBE-AI/App/circle.o
                0x08004f6c                ai_circle_inputs_get
 .text.ai_circle_outputs_get
                0x08004fa0       0x34 ./X-CUBE-AI/App/circle.o
                0x08004fa0                ai_circle_outputs_get
 .text.ai_circle_init
                0x08004fd4       0x78 ./X-CUBE-AI/App/circle.o
                0x08004fd4                ai_circle_init
 .text.ai_circle_run
                0x0800504c       0x20 ./X-CUBE-AI/App/circle.o
                0x0800504c                ai_circle_run
 .text.ai_circle_data_params_get
                0x0800506c       0x50 ./X-CUBE-AI/App/circle_data.o
                0x0800506c                ai_circle_data_params_get
 .text.ai_buffer_get_size
                0x080050bc       0x64 ../Middlewares/ST/AI/Lib\NetworkRuntime1010_CM4_GCC.a(ai_platform.o)
                0x080050bc                ai_buffer_get_size
 .text.ai_buffer_array_sane
                0x08005120       0x14 ../Middlewares/ST/AI/Lib\NetworkRuntime1010_CM4_GCC.a(ai_platform.o)
                0x08005120                ai_buffer_array_sane
 .text.ai_buffer_array_item_set_address
                0x08005134       0x1c ../Middlewares/ST/AI/Lib\NetworkRuntime1010_CM4_GCC.a(ai_platform.o)
                0x08005134                ai_buffer_array_item_set_address
 .text.ai_platform_get_weights_map
                0x08005150       0xa4 ../Middlewares/ST/AI/Lib\NetworkRuntime1010_CM4_GCC.a(ai_platform_interface.o)
                0x08005150                ai_platform_get_weights_map
 .text.ai_platform_get_activations_map
                0x080051f4       0xa8 ../Middlewares/ST/AI/Lib\NetworkRuntime1010_CM4_GCC.a(ai_platform_interface.o)
                0x080051f4                ai_platform_get_activations_map
 .text.ai_platform_bind_network_params
                0x0800529c       0x44 ../Middlewares/ST/AI/Lib\NetworkRuntime1010_CM4_GCC.a(ai_platform_interface.o)
                0x0800529c                ai_platform_bind_network_params
 .text.ai_platform_network_get_error
                0x080052e0       0x18 ../Middlewares/ST/AI/Lib\NetworkRuntime1010_CM4_GCC.a(ai_platform_interface.o)
                0x080052e0                ai_platform_network_get_error
 .text.ai_platform_network_set_error
                0x080052f8        0xc ../Middlewares/ST/AI/Lib\NetworkRuntime1010_CM4_GCC.a(ai_platform_interface.o)
                0x080052f8                ai_platform_network_set_error
 .text.ai_platform_inputs_get
                0x08005304       0xec ../Middlewares/ST/AI/Lib\NetworkRuntime1010_CM4_GCC.a(ai_platform_interface.o)
                0x08005304                ai_platform_inputs_get
 .text.ai_platform_outputs_get
                0x080053f0       0xe4 ../Middlewares/ST/AI/Lib\NetworkRuntime1010_CM4_GCC.a(ai_platform_interface.o)
                0x080053f0                ai_platform_outputs_get
 .text.ai_platform_network_create
                0x080054d4       0x84 ../Middlewares/ST/AI/Lib\NetworkRuntime1010_CM4_GCC.a(ai_platform_interface.o)
                0x080054d4                ai_platform_network_create
 .text.ai_platform_network_init
                0x08005558      0x130 ../Middlewares/ST/AI/Lib\NetworkRuntime1010_CM4_GCC.a(ai_platform_interface.o)
                0x08005558                ai_platform_network_init
 .text.ai_platform_network_post_init
                0x08005688       0x5c ../Middlewares/ST/AI/Lib\NetworkRuntime1010_CM4_GCC.a(ai_platform_interface.o)
                0x08005688                ai_platform_network_post_init
 .text.ai_platform_network_process
                0x080056e4      0x438 ../Middlewares/ST/AI/Lib\NetworkRuntime1010_CM4_GCC.a(ai_platform_interface.o)
                0x080056e4                ai_platform_network_process
 .text.core_init
                0x08005b1c        0x4 ../Middlewares/ST/AI/Lib\NetworkRuntime1010_CM4_GCC.a(core_common.o)
                0x08005b1c                core_init
 .text.core_get_error
                0x08005b20        0xc ../Middlewares/ST/AI/Lib\NetworkRuntime1010_CM4_GCC.a(core_common.o)
                0x08005b20                core_get_error
 .text.core_set_error
                0x08005b2c       0x18 ../Middlewares/ST/AI/Lib\NetworkRuntime1010_CM4_GCC.a(core_common.o)
                0x08005b2c                core_set_error
 .text.ai_check_custom_types
                0x08005b44       0x54 ../Middlewares/ST/AI/Lib\NetworkRuntime1010_CM4_GCC.a(layers.o)
                0x08005b44                ai_check_custom_types
 .text.ai_layers_init_all
                0x08005b98       0x20 ../Middlewares/ST/AI/Lib\NetworkRuntime1010_CM4_GCC.a(layers.o)
                0x08005b98                ai_layers_init_all
 .text.ai_layers_post_init_all
                0x08005bb8       0x3c ../Middlewares/ST/AI/Lib\NetworkRuntime1010_CM4_GCC.a(layers.o)
                0x08005bb8                ai_layers_post_init_all
 .text.ai_layers_forward_all
                0x08005bf4       0x90 ../Middlewares/ST/AI/Lib\NetworkRuntime1010_CM4_GCC.a(layers.o)
                0x08005bf4                ai_layers_forward_all
 .text.forward_conv2d_if32of32wf32
                0x08005c84      0x1c4 ../Middlewares/ST/AI/Lib\NetworkRuntime1010_CM4_GCC.a(layers_conv2d_generic_float.o)
                0x08005c84                forward_conv2d_if32of32wf32
 .text.forward_dense
                0x08005e48      0x100 ../Middlewares/ST/AI/Lib\NetworkRuntime1010_CM4_GCC.a(layers_conv2d_generic_float.o)
                0x08005e48                forward_dense
 .text.forward_relu
                0x08005f48      0x134 ../Middlewares/ST/AI/Lib\NetworkRuntime1010_CM4_GCC.a(layers_nl_generic_float.o)
                0x08005f48                forward_relu
 .text.forward_sm
                0x0800607c       0x84 ../Middlewares/ST/AI/Lib\NetworkRuntime1010_CM4_GCC.a(layers_nl_generic_float.o)
                0x0800607c                forward_sm
 .text.forward_mp
                0x08006100      0x1b8 ../Middlewares/ST/AI/Lib\NetworkRuntime1010_CM4_GCC.a(layers_pool_generic_float.o)
                0x08006100                forward_mp
 .text.forward_lite_conv2d_if32of32wf32
                0x080062b8      0x5a8 ../Middlewares/ST/AI/Lib\NetworkRuntime1010_CM4_GCC.a(forward_lite_conv2d_if32of32wf32.o)
                0x080062b8                forward_lite_conv2d_if32of32wf32
 .text.forward_lite_nl_softmax_if32of32_kernel
                0x08006860       0xf0 ../Middlewares/ST/AI/Lib\NetworkRuntime1010_CM4_GCC.a(lite_nl_softmax_if32of32.o)
                0x08006860                forward_lite_nl_softmax_if32of32_kernel
 .text.forward_lite_nl_relu_generic_if32of32_kernel
                0x08006950       0xf0 ../Middlewares/ST/AI/Lib\NetworkRuntime1010_CM4_GCC.a(lite_nl_relu_if32of32.o)
                0x08006950                forward_lite_nl_relu_generic_if32of32_kernel
 .text.lite_decompress_ilutof32
                0x08006a40       0xac ../Middlewares/ST/AI/Lib\NetworkRuntime1010_CM4_GCC.a(lite_dense_if32.o)
                0x08006a40                lite_decompress_ilutof32
 .text.forward_lite_dense_if32of32wf32
                0x08006aec      0x2ac ../Middlewares/ST/AI/Lib\NetworkRuntime1010_CM4_GCC.a(lite_dense_if32.o)
                0x08006aec                forward_lite_dense_if32of32wf32
 .text.forward_lite_dense_if32of32wf32_lut4
                0x08006d98      0x288 ../Middlewares/ST/AI/Lib\NetworkRuntime1010_CM4_GCC.a(lite_dense_if32.o)
                0x08006d98                forward_lite_dense_if32of32wf32_lut4
 .text.forward_lite_dense_if32of32wf32_lut8
                0x08007020      0x298 ../Middlewares/ST/AI/Lib\NetworkRuntime1010_CM4_GCC.a(lite_dense_if32.o)
                0x08007020                forward_lite_dense_if32of32wf32_lut8
 .text.forward_lite_nl_softmax_if32of32
                0x080072b8       0x64 ../Middlewares/ST/AI/Lib\NetworkRuntime1010_CM4_GCC.a(lite_nl_generic_float.o)
                0x080072b8                forward_lite_nl_softmax_if32of32
 .text.st_int8_copy
                0x0800731c      0x13c ../Middlewares/ST/AI/Lib\NetworkRuntime1010_CM4_GCC.a(st_int8_fill.o)
                0x0800731c                st_int8_copy
 .text.ai_array_to_buffer_fmt
                0x08007458       0xe0 ../Middlewares/ST/AI/Lib\NetworkRuntime1010_CM4_GCC.a(ai_datatypes_format.o)
                0x08007458                ai_array_to_buffer_fmt
 .text.ai_array_get_data_byte_size
                0x08007538       0x24 ../Middlewares/ST/AI/Lib\NetworkRuntime1010_CM4_GCC.a(ai_datatypes_format.o)
                0x08007538                ai_array_get_data_byte_size
 .text.ai_version_get
                0x0800755c        0xc ../Middlewares/ST/AI/Lib\NetworkRuntime1010_CM4_GCC.a(ai_datatypes_internal.o)
                0x0800755c                ai_version_get
 .text.get_tensor_byte_size
                0x08007568       0x30 ../Middlewares/ST/AI/Lib\NetworkRuntime1010_CM4_GCC.a(ai_datatypes_internal.o)
                0x08007568                get_tensor_byte_size
 .text.malloc   0x08007598       0x10 C:/ST/STM32CubeIDE_1.16.1/STM32CubeIDE/plugins/com.st.stm32cube.ide.mcu.externaltools.gnu-tools-for-stm32.13.3.rel1.win32_1.0.0.202411081344/tools/bin/../lib/gcc/arm-none-eabi/13.3.1/../../../../arm-none-eabi/lib/thumb/v7e-m+fp/hard\libc_nano.a(libc_a-malloc.o)
                0x08007598                malloc
 .text.sbrk_aligned
                0x080075a8       0x44 C:/ST/STM32CubeIDE_1.16.1/STM32CubeIDE/plugins/com.st.stm32cube.ide.mcu.externaltools.gnu-tools-for-stm32.13.3.rel1.win32_1.0.0.202411081344/tools/bin/../lib/gcc/arm-none-eabi/13.3.1/../../../../arm-none-eabi/lib/thumb/v7e-m+fp/hard\libc_nano.a(libc_a-mallocr.o)
 .text._malloc_r
                0x080075ec      0x100 C:/ST/STM32CubeIDE_1.16.1/STM32CubeIDE/plugins/com.st.stm32cube.ide.mcu.externaltools.gnu-tools-for-stm32.13.3.rel1.win32_1.0.0.202411081344/tools/bin/../lib/gcc/arm-none-eabi/13.3.1/../../../../arm-none-eabi/lib/thumb/v7e-m+fp/hard\libc_nano.a(libc_a-mallocr.o)
                0x080075ec                _malloc_r
 .text.__malloc_lock
                0x080076ec        0xc C:/ST/STM32CubeIDE_1.16.1/STM32CubeIDE/plugins/com.st.stm32cube.ide.mcu.externaltools.gnu-tools-for-stm32.13.3.rel1.win32_1.0.0.202411081344/tools/bin/../lib/gcc/arm-none-eabi/13.3.1/../../../../arm-none-eabi/lib/thumb/v7e-m+fp/hard\libc_nano.a(libc_a-mlock.o)
                0x080076ec                __malloc_lock
 .text.__malloc_unlock
                0x080076f8        0xc C:/ST/STM32CubeIDE_1.16.1/STM32CubeIDE/plugins/com.st.stm32cube.ide.mcu.externaltools.gnu-tools-for-stm32.13.3.rel1.win32_1.0.0.202411081344/tools/bin/../lib/gcc/arm-none-eabi/13.3.1/../../../../arm-none-eabi/lib/thumb/v7e-m+fp/hard\libc_nano.a(libc_a-mlock.o)
                0x080076f8                __malloc_unlock
 .text.__cvt    0x08007704       0xca C:/ST/STM32CubeIDE_1.16.1/STM32CubeIDE/plugins/com.st.stm32cube.ide.mcu.externaltools.gnu-tools-for-stm32.13.3.rel1.win32_1.0.0.202411081344/tools/bin/../lib/gcc/arm-none-eabi/13.3.1/../../../../arm-none-eabi/lib/thumb/v7e-m+fp/hard\libc_nano.a(libc_a-nano-vfprintf_float.o)
                0x08007704                __cvt
 .text.__exponent
                0x080077ce       0x74 C:/ST/STM32CubeIDE_1.16.1/STM32CubeIDE/plugins/com.st.stm32cube.ide.mcu.externaltools.gnu-tools-for-stm32.13.3.rel1.win32_1.0.0.202411081344/tools/bin/../lib/gcc/arm-none-eabi/13.3.1/../../../../arm-none-eabi/lib/thumb/v7e-m+fp/hard\libc_nano.a(libc_a-nano-vfprintf_float.o)
                0x080077ce                __exponent
 *fill*         0x08007842        0x2 
 .text._printf_float
                0x08007844      0x454 C:/ST/STM32CubeIDE_1.16.1/STM32CubeIDE/plugins/com.st.stm32cube.ide.mcu.externaltools.gnu-tools-for-stm32.13.3.rel1.win32_1.0.0.202411081344/tools/bin/../lib/gcc/arm-none-eabi/13.3.1/../../../../arm-none-eabi/lib/thumb/v7e-m+fp/hard\libc_nano.a(libc_a-nano-vfprintf_float.o)
                0x08007844                _printf_float
 .text._printf_common
                0x08007c98       0xda C:/ST/STM32CubeIDE_1.16.1/STM32CubeIDE/plugins/com.st.stm32cube.ide.mcu.externaltools.gnu-tools-for-stm32.13.3.rel1.win32_1.0.0.202411081344/tools/bin/../lib/gcc/arm-none-eabi/13.3.1/../../../../arm-none-eabi/lib/thumb/v7e-m+fp/hard\libc_nano.a(libc_a-nano-vfprintf_i.o)
                0x08007c98                _printf_common
 *fill*         0x08007d72        0x2 
 .text._printf_i
                0x08007d74      0x23c C:/ST/STM32CubeIDE_1.16.1/STM32CubeIDE/plugins/com.st.stm32cube.ide.mcu.externaltools.gnu-tools-for-stm32.13.3.rel1.win32_1.0.0.202411081344/tools/bin/../lib/gcc/arm-none-eabi/13.3.1/../../../../arm-none-eabi/lib/thumb/v7e-m+fp/hard\libc_nano.a(libc_a-nano-vfprintf_i.o)
                0x08007d74                _printf_i
 .text.std      0x08007fb0       0x6c C:/ST/STM32CubeIDE_1.16.1/STM32CubeIDE/plugins/com.st.stm32cube.ide.mcu.externaltools.gnu-tools-for-stm32.13.3.rel1.win32_1.0.0.202411081344/tools/bin/../lib/gcc/arm-none-eabi/13.3.1/../../../../arm-none-eabi/lib/thumb/v7e-m+fp/hard\libc_nano.a(libc_a-findfp.o)
 .text.stdio_exit_handler
                0x0800801c       0x18 C:/ST/STM32CubeIDE_1.16.1/STM32CubeIDE/plugins/com.st.stm32cube.ide.mcu.externaltools.gnu-tools-for-stm32.13.3.rel1.win32_1.0.0.202411081344/tools/bin/../lib/gcc/arm-none-eabi/13.3.1/../../../../arm-none-eabi/lib/thumb/v7e-m+fp/hard\libc_nano.a(libc_a-findfp.o)
 .text.cleanup_stdio
                0x08008034       0x40 C:/ST/STM32CubeIDE_1.16.1/STM32CubeIDE/plugins/com.st.stm32cube.ide.mcu.externaltools.gnu-tools-for-stm32.13.3.rel1.win32_1.0.0.202411081344/tools/bin/../lib/gcc/arm-none-eabi/13.3.1/../../../../arm-none-eabi/lib/thumb/v7e-m+fp/hard\libc_nano.a(libc_a-findfp.o)
 .text.global_stdio_init.part.0
                0x08008074       0x3c C:/ST/STM32CubeIDE_1.16.1/STM32CubeIDE/plugins/com.st.stm32cube.ide.mcu.externaltools.gnu-tools-for-stm32.13.3.rel1.win32_1.0.0.202411081344/tools/bin/../lib/gcc/arm-none-eabi/13.3.1/../../../../arm-none-eabi/lib/thumb/v7e-m+fp/hard\libc_nano.a(libc_a-findfp.o)
 .text.__sfp_lock_acquire
                0x080080b0        0xc C:/ST/STM32CubeIDE_1.16.1/STM32CubeIDE/plugins/com.st.stm32cube.ide.mcu.externaltools.gnu-tools-for-stm32.13.3.rel1.win32_1.0.0.202411081344/tools/bin/../lib/gcc/arm-none-eabi/13.3.1/../../../../arm-none-eabi/lib/thumb/v7e-m+fp/hard\libc_nano.a(libc_a-findfp.o)
                0x080080b0                __sfp_lock_acquire
 .text.__sfp_lock_release
                0x080080bc        0xc C:/ST/STM32CubeIDE_1.16.1/STM32CubeIDE/plugins/com.st.stm32cube.ide.mcu.externaltools.gnu-tools-for-stm32.13.3.rel1.win32_1.0.0.202411081344/tools/bin/../lib/gcc/arm-none-eabi/13.3.1/../../../../arm-none-eabi/lib/thumb/v7e-m+fp/hard\libc_nano.a(libc_a-findfp.o)
                0x080080bc                __sfp_lock_release
 .text.__sinit  0x080080c8       0x30 C:/ST/STM32CubeIDE_1.16.1/STM32CubeIDE/plugins/com.st.stm32cube.ide.mcu.externaltools.gnu-tools-for-stm32.13.3.rel1.win32_1.0.0.202411081344/tools/bin/../lib/gcc/arm-none-eabi/13.3.1/../../../../arm-none-eabi/lib/thumb/v7e-m+fp/hard\libc_nano.a(libc_a-findfp.o)
                0x080080c8                __sinit
 .text._fwalk_sglue
                0x080080f8       0x3c C:/ST/STM32CubeIDE_1.16.1/STM32CubeIDE/plugins/com.st.stm32cube.ide.mcu.externaltools.gnu-tools-for-stm32.13.3.rel1.win32_1.0.0.202411081344/tools/bin/../lib/gcc/arm-none-eabi/13.3.1/../../../../arm-none-eabi/lib/thumb/v7e-m+fp/hard\libc_nano.a(libc_a-fwalk.o)
                0x080080f8                _fwalk_sglue
 .text.printf   0x08008134       0x24 C:/ST/STM32CubeIDE_1.16.1/STM32CubeIDE/plugins/com.st.stm32cube.ide.mcu.externaltools.gnu-tools-for-stm32.13.3.rel1.win32_1.0.0.202411081344/tools/bin/../lib/gcc/arm-none-eabi/13.3.1/../../../../arm-none-eabi/lib/thumb/v7e-m+fp/hard\libc_nano.a(libc_a-printf.o)
                0x08008134                iprintf
                0x08008134                printf
 .text._puts_r  0x08008158       0xaa C:/ST/STM32CubeIDE_1.16.1/STM32CubeIDE/plugins/com.st.stm32cube.ide.mcu.externaltools.gnu-tools-for-stm32.13.3.rel1.win32_1.0.0.202411081344/tools/bin/../lib/gcc/arm-none-eabi/13.3.1/../../../../arm-none-eabi/lib/thumb/v7e-m+fp/hard\libc_nano.a(libc_a-puts.o)
                0x08008158                _puts_r
 *fill*         0x08008202        0x2 
 .text.puts     0x08008204       0x10 C:/ST/STM32CubeIDE_1.16.1/STM32CubeIDE/plugins/com.st.stm32cube.ide.mcu.externaltools.gnu-tools-for-stm32.13.3.rel1.win32_1.0.0.202411081344/tools/bin/../lib/gcc/arm-none-eabi/13.3.1/../../../../arm-none-eabi/lib/thumb/v7e-m+fp/hard\libc_nano.a(libc_a-puts.o)
                0x08008204                puts
 .text.__sread  0x08008214       0x22 C:/ST/STM32CubeIDE_1.16.1/STM32CubeIDE/plugins/com.st.stm32cube.ide.mcu.externaltools.gnu-tools-for-stm32.13.3.rel1.win32_1.0.0.202411081344/tools/bin/../lib/gcc/arm-none-eabi/13.3.1/../../../../arm-none-eabi/lib/thumb/v7e-m+fp/hard\libc_nano.a(libc_a-stdio.o)
                0x08008214                __sread
 .text.__swrite
                0x08008236       0x38 C:/ST/STM32CubeIDE_1.16.1/STM32CubeIDE/plugins/com.st.stm32cube.ide.mcu.externaltools.gnu-tools-for-stm32.13.3.rel1.win32_1.0.0.202411081344/tools/bin/../lib/gcc/arm-none-eabi/13.3.1/../../../../arm-none-eabi/lib/thumb/v7e-m+fp/hard\libc_nano.a(libc_a-stdio.o)
                0x08008236                __swrite
 .text.__sseek  0x0800826e       0x24 C:/ST/STM32CubeIDE_1.16.1/STM32CubeIDE/plugins/com.st.stm32cube.ide.mcu.externaltools.gnu-tools-for-stm32.13.3.rel1.win32_1.0.0.202411081344/tools/bin/../lib/gcc/arm-none-eabi/13.3.1/../../../../arm-none-eabi/lib/thumb/v7e-m+fp/hard\libc_nano.a(libc_a-stdio.o)
                0x0800826e                __sseek
 .text.__sclose
                0x08008292        0x8 C:/ST/STM32CubeIDE_1.16.1/STM32CubeIDE/plugins/com.st.stm32cube.ide.mcu.externaltools.gnu-tools-for-stm32.13.3.rel1.win32_1.0.0.202411081344/tools/bin/../lib/gcc/arm-none-eabi/13.3.1/../../../../arm-none-eabi/lib/thumb/v7e-m+fp/hard\libc_nano.a(libc_a-stdio.o)
                0x08008292                __sclose
 .text.__swbuf_r
                0x0800829a       0x7c C:/ST/STM32CubeIDE_1.16.1/STM32CubeIDE/plugins/com.st.stm32cube.ide.mcu.externaltools.gnu-tools-for-stm32.13.3.rel1.win32_1.0.0.202411081344/tools/bin/../lib/gcc/arm-none-eabi/13.3.1/../../../../arm-none-eabi/lib/thumb/v7e-m+fp/hard\libc_nano.a(libc_a-wbuf.o)
                0x0800829a                __swbuf_r
 *fill*         0x08008316        0x2 
 .text.__swsetup_r
                0x08008318       0xac C:/ST/STM32CubeIDE_1.16.1/STM32CubeIDE/plugins/com.st.stm32cube.ide.mcu.externaltools.gnu-tools-for-stm32.13.3.rel1.win32_1.0.0.202411081344/tools/bin/../lib/gcc/arm-none-eabi/13.3.1/../../../../arm-none-eabi/lib/thumb/v7e-m+fp/hard\libc_nano.a(libc_a-wsetup.o)
                0x08008318                __swsetup_r
 .text.memset   0x080083c4       0x10 C:/ST/STM32CubeIDE_1.16.1/STM32CubeIDE/plugins/com.st.stm32cube.ide.mcu.externaltools.gnu-tools-for-stm32.13.3.rel1.win32_1.0.0.202411081344/tools/bin/../lib/gcc/arm-none-eabi/13.3.1/../../../../arm-none-eabi/lib/thumb/v7e-m+fp/hard\libc_nano.a(libc_a-memset.o)
                0x080083c4                memset
 .text._localeconv_r
                0x080083d4        0x8 C:/ST/STM32CubeIDE_1.16.1/STM32CubeIDE/plugins/com.st.stm32cube.ide.mcu.externaltools.gnu-tools-for-stm32.13.3.rel1.win32_1.0.0.202411081344/tools/bin/../lib/gcc/arm-none-eabi/13.3.1/../../../../arm-none-eabi/lib/thumb/v7e-m+fp/hard\libc_nano.a(libc_a-localeconv.o)
                0x080083d4                _localeconv_r
 .text._close_r
                0x080083dc       0x20 C:/ST/STM32CubeIDE_1.16.1/STM32CubeIDE/plugins/com.st.stm32cube.ide.mcu.externaltools.gnu-tools-for-stm32.13.3.rel1.win32_1.0.0.202411081344/tools/bin/../lib/gcc/arm-none-eabi/13.3.1/../../../../arm-none-eabi/lib/thumb/v7e-m+fp/hard\libc_nano.a(libc_a-closer.o)
                0x080083dc                _close_r
 .text._lseek_r
                0x080083fc       0x24 C:/ST/STM32CubeIDE_1.16.1/STM32CubeIDE/plugins/com.st.stm32cube.ide.mcu.externaltools.gnu-tools-for-stm32.13.3.rel1.win32_1.0.0.202411081344/tools/bin/../lib/gcc/arm-none-eabi/13.3.1/../../../../arm-none-eabi/lib/thumb/v7e-m+fp/hard\libc_nano.a(libc_a-lseekr.o)
                0x080083fc                _lseek_r
 .text._read_r  0x08008420       0x24 C:/ST/STM32CubeIDE_1.16.1/STM32CubeIDE/plugins/com.st.stm32cube.ide.mcu.externaltools.gnu-tools-for-stm32.13.3.rel1.win32_1.0.0.202411081344/tools/bin/../lib/gcc/arm-none-eabi/13.3.1/../../../../arm-none-eabi/lib/thumb/v7e-m+fp/hard\libc_nano.a(libc_a-readr.o)
                0x08008420                _read_r
 .text._sbrk_r  0x08008444       0x20 C:/ST/STM32CubeIDE_1.16.1/STM32CubeIDE/plugins/com.st.stm32cube.ide.mcu.externaltools.gnu-tools-for-stm32.13.3.rel1.win32_1.0.0.202411081344/tools/bin/../lib/gcc/arm-none-eabi/13.3.1/../../../../arm-none-eabi/lib/thumb/v7e-m+fp/hard\libc_nano.a(libc_a-sbrkr.o)
                0x08008444                _sbrk_r
 .text._write_r
                0x08008464       0x24 C:/ST/STM32CubeIDE_1.16.1/STM32CubeIDE/plugins/com.st.stm32cube.ide.mcu.externaltools.gnu-tools-for-stm32.13.3.rel1.win32_1.0.0.202411081344/tools/bin/../lib/gcc/arm-none-eabi/13.3.1/../../../../arm-none-eabi/lib/thumb/v7e-m+fp/hard\libc_nano.a(libc_a-writer.o)
                0x08008464                _write_r
 .text.__errno  0x08008488        0xc C:/ST/STM32CubeIDE_1.16.1/STM32CubeIDE/plugins/com.st.stm32cube.ide.mcu.externaltools.gnu-tools-for-stm32.13.3.rel1.win32_1.0.0.202411081344/tools/bin/../lib/gcc/arm-none-eabi/13.3.1/../../../../arm-none-eabi/lib/thumb/v7e-m+fp/hard\libc_nano.a(libc_a-errno.o)
                0x08008488                __errno
 .text.__libc_init_array
                0x08008494       0x48 C:/ST/STM32CubeIDE_1.16.1/STM32CubeIDE/plugins/com.st.stm32cube.ide.mcu.externaltools.gnu-tools-for-stm32.13.3.rel1.win32_1.0.0.202411081344/tools/bin/../lib/gcc/arm-none-eabi/13.3.1/../../../../arm-none-eabi/lib/thumb/v7e-m+fp/hard\libc_nano.a(libc_a-init.o)
                0x08008494                __libc_init_array
 .text.__retarget_lock_init_recursive
                0x080084dc        0x2 C:/ST/STM32CubeIDE_1.16.1/STM32CubeIDE/plugins/com.st.stm32cube.ide.mcu.externaltools.gnu-tools-for-stm32.13.3.rel1.win32_1.0.0.202411081344/tools/bin/../lib/gcc/arm-none-eabi/13.3.1/../../../../arm-none-eabi/lib/thumb/v7e-m+fp/hard\libc_nano.a(libc_a-lock.o)
                0x080084dc                __retarget_lock_init_recursive
 .text.__retarget_lock_acquire_recursive
                0x080084de        0x2 C:/ST/STM32CubeIDE_1.16.1/STM32CubeIDE/plugins/com.st.stm32cube.ide.mcu.externaltools.gnu-tools-for-stm32.13.3.rel1.win32_1.0.0.202411081344/tools/bin/../lib/gcc/arm-none-eabi/13.3.1/../../../../arm-none-eabi/lib/thumb/v7e-m+fp/hard\libc_nano.a(libc_a-lock.o)
                0x080084de                __retarget_lock_acquire_recursive
 .text.__retarget_lock_release_recursive
                0x080084e0        0x2 C:/ST/STM32CubeIDE_1.16.1/STM32CubeIDE/plugins/com.st.stm32cube.ide.mcu.externaltools.gnu-tools-for-stm32.13.3.rel1.win32_1.0.0.202411081344/tools/bin/../lib/gcc/arm-none-eabi/13.3.1/../../../../arm-none-eabi/lib/thumb/v7e-m+fp/hard\libc_nano.a(libc_a-lock.o)
                0x080084e0                __retarget_lock_release_recursive
 .text.memcpy   0x080084e2       0x1c C:/ST/STM32CubeIDE_1.16.1/STM32CubeIDE/plugins/com.st.stm32cube.ide.mcu.externaltools.gnu-tools-for-stm32.13.3.rel1.win32_1.0.0.202411081344/tools/bin/../lib/gcc/arm-none-eabi/13.3.1/../../../../arm-none-eabi/lib/thumb/v7e-m+fp/hard\libc_nano.a(libc_a-memcpy-stub.o)
                0x080084e2                memcpy
 .text.quorem   0x080084fe      0x110 C:/ST/STM32CubeIDE_1.16.1/STM32CubeIDE/plugins/com.st.stm32cube.ide.mcu.externaltools.gnu-tools-for-stm32.13.3.rel1.win32_1.0.0.202411081344/tools/bin/../lib/gcc/arm-none-eabi/13.3.1/../../../../arm-none-eabi/lib/thumb/v7e-m+fp/hard\libc_nano.a(libc_a-dtoa.o)
 *fill*         0x0800860e        0x2 
 .text._dtoa_r  0x08008610      0xba0 C:/ST/STM32CubeIDE_1.16.1/STM32CubeIDE/plugins/com.st.stm32cube.ide.mcu.externaltools.gnu-tools-for-stm32.13.3.rel1.win32_1.0.0.202411081344/tools/bin/../lib/gcc/arm-none-eabi/13.3.1/../../../../arm-none-eabi/lib/thumb/v7e-m+fp/hard\libc_nano.a(libc_a-dtoa.o)
                0x08008610                _dtoa_r
 .text._free_r  0x080091b0       0x94 C:/ST/STM32CubeIDE_1.16.1/STM32CubeIDE/plugins/com.st.stm32cube.ide.mcu.externaltools.gnu-tools-for-stm32.13.3.rel1.win32_1.0.0.202411081344/tools/bin/../lib/gcc/arm-none-eabi/13.3.1/../../../../arm-none-eabi/lib/thumb/v7e-m+fp/hard\libc_nano.a(libc_a-freer.o)
                0x080091b0                _free_r
 .text._Balloc  0x08009244       0x80 C:/ST/STM32CubeIDE_1.16.1/STM32CubeIDE/plugins/com.st.stm32cube.ide.mcu.externaltools.gnu-tools-for-stm32.13.3.rel1.win32_1.0.0.202411081344/tools/bin/../lib/gcc/arm-none-eabi/13.3.1/../../../../arm-none-eabi/lib/thumb/v7e-m+fp/hard\libc_nano.a(libc_a-mprec.o)
                0x08009244                _Balloc
 .text._Bfree   0x080092c4       0x44 C:/ST/STM32CubeIDE_1.16.1/STM32CubeIDE/plugins/com.st.stm32cube.ide.mcu.externaltools.gnu-tools-for-stm32.13.3.rel1.win32_1.0.0.202411081344/tools/bin/../lib/gcc/arm-none-eabi/13.3.1/../../../../arm-none-eabi/lib/thumb/v7e-m+fp/hard\libc_nano.a(libc_a-mprec.o)
                0x080092c4                _Bfree
 .text.__multadd
                0x08009308       0x8c C:/ST/STM32CubeIDE_1.16.1/STM32CubeIDE/plugins/com.st.stm32cube.ide.mcu.externaltools.gnu-tools-for-stm32.13.3.rel1.win32_1.0.0.202411081344/tools/bin/../lib/gcc/arm-none-eabi/13.3.1/../../../../arm-none-eabi/lib/thumb/v7e-m+fp/hard\libc_nano.a(libc_a-mprec.o)
                0x08009308                __multadd
 .text.__hi0bits
                0x08009394       0x3e C:/ST/STM32CubeIDE_1.16.1/STM32CubeIDE/plugins/com.st.stm32cube.ide.mcu.externaltools.gnu-tools-for-stm32.13.3.rel1.win32_1.0.0.202411081344/tools/bin/../lib/gcc/arm-none-eabi/13.3.1/../../../../arm-none-eabi/lib/thumb/v7e-m+fp/hard\libc_nano.a(libc_a-mprec.o)
                0x08009394                __hi0bits
 .text.__lo0bits
                0x080093d2       0x5a C:/ST/STM32CubeIDE_1.16.1/STM32CubeIDE/plugins/com.st.stm32cube.ide.mcu.externaltools.gnu-tools-for-stm32.13.3.rel1.win32_1.0.0.202411081344/tools/bin/../lib/gcc/arm-none-eabi/13.3.1/../../../../arm-none-eabi/lib/thumb/v7e-m+fp/hard\libc_nano.a(libc_a-mprec.o)
                0x080093d2                __lo0bits
 .text.__i2b    0x0800942c       0x2c C:/ST/STM32CubeIDE_1.16.1/STM32CubeIDE/plugins/com.st.stm32cube.ide.mcu.externaltools.gnu-tools-for-stm32.13.3.rel1.win32_1.0.0.202411081344/tools/bin/../lib/gcc/arm-none-eabi/13.3.1/../../../../arm-none-eabi/lib/thumb/v7e-m+fp/hard\libc_nano.a(libc_a-mprec.o)
                0x0800942c                __i2b
 .text.__multiply
                0x08009458      0x144 C:/ST/STM32CubeIDE_1.16.1/STM32CubeIDE/plugins/com.st.stm32cube.ide.mcu.externaltools.gnu-tools-for-stm32.13.3.rel1.win32_1.0.0.202411081344/tools/bin/../lib/gcc/arm-none-eabi/13.3.1/../../../../arm-none-eabi/lib/thumb/v7e-m+fp/hard\libc_nano.a(libc_a-mprec.o)
                0x08009458                __multiply
 .text.__pow5mult
                0x0800959c       0xb4 C:/ST/STM32CubeIDE_1.16.1/STM32CubeIDE/plugins/com.st.stm32cube.ide.mcu.externaltools.gnu-tools-for-stm32.13.3.rel1.win32_1.0.0.202411081344/tools/bin/../lib/gcc/arm-none-eabi/13.3.1/../../../../arm-none-eabi/lib/thumb/v7e-m+fp/hard\libc_nano.a(libc_a-mprec.o)
                0x0800959c                __pow5mult
 .text.__lshift
                0x08009650       0xd8 C:/ST/STM32CubeIDE_1.16.1/STM32CubeIDE/plugins/com.st.stm32cube.ide.mcu.externaltools.gnu-tools-for-stm32.13.3.rel1.win32_1.0.0.202411081344/tools/bin/../lib/gcc/arm-none-eabi/13.3.1/../../../../arm-none-eabi/lib/thumb/v7e-m+fp/hard\libc_nano.a(libc_a-mprec.o)
                0x08009650                __lshift
 .text.__mcmp   0x08009728       0x36 C:/ST/STM32CubeIDE_1.16.1/STM32CubeIDE/plugins/com.st.stm32cube.ide.mcu.externaltools.gnu-tools-for-stm32.13.3.rel1.win32_1.0.0.202411081344/tools/bin/../lib/gcc/arm-none-eabi/13.3.1/../../../../arm-none-eabi/lib/thumb/v7e-m+fp/hard\libc_nano.a(libc_a-mprec.o)
                0x08009728                __mcmp
 *fill*         0x0800975e        0x2 
 .text.__mdiff  0x08009760      0x128 C:/ST/STM32CubeIDE_1.16.1/STM32CubeIDE/plugins/com.st.stm32cube.ide.mcu.externaltools.gnu-tools-for-stm32.13.3.rel1.win32_1.0.0.202411081344/tools/bin/../lib/gcc/arm-none-eabi/13.3.1/../../../../arm-none-eabi/lib/thumb/v7e-m+fp/hard\libc_nano.a(libc_a-mprec.o)
                0x08009760                __mdiff
 .text.__d2b    0x08009888       0xb0 C:/ST/STM32CubeIDE_1.16.1/STM32CubeIDE/plugins/com.st.stm32cube.ide.mcu.externaltools.gnu-tools-for-stm32.13.3.rel1.win32_1.0.0.202411081344/tools/bin/../lib/gcc/arm-none-eabi/13.3.1/../../../../arm-none-eabi/lib/thumb/v7e-m+fp/hard\libc_nano.a(libc_a-mprec.o)
                0x08009888                __d2b
 .text.__sfputc_r
                0x08009938       0x2e C:/ST/STM32CubeIDE_1.16.1/STM32CubeIDE/plugins/com.st.stm32cube.ide.mcu.externaltools.gnu-tools-for-stm32.13.3.rel1.win32_1.0.0.202411081344/tools/bin/../lib/gcc/arm-none-eabi/13.3.1/../../../../arm-none-eabi/lib/thumb/v7e-m+fp/hard\libc_nano.a(libc_a-nano-vfprintf.o)
 .text.__sfputs_r
                0x08009966       0x24 C:/ST/STM32CubeIDE_1.16.1/STM32CubeIDE/plugins/com.st.stm32cube.ide.mcu.externaltools.gnu-tools-for-stm32.13.3.rel1.win32_1.0.0.202411081344/tools/bin/../lib/gcc/arm-none-eabi/13.3.1/../../../../arm-none-eabi/lib/thumb/v7e-m+fp/hard\libc_nano.a(libc_a-nano-vfprintf.o)
                0x08009966                __sfputs_r
 *fill*         0x0800998a        0x2 
 .text._vfprintf_r
                0x0800998c      0x230 C:/ST/STM32CubeIDE_1.16.1/STM32CubeIDE/plugins/com.st.stm32cube.ide.mcu.externaltools.gnu-tools-for-stm32.13.3.rel1.win32_1.0.0.202411081344/tools/bin/../lib/gcc/arm-none-eabi/13.3.1/../../../../arm-none-eabi/lib/thumb/v7e-m+fp/hard\libc_nano.a(libc_a-nano-vfprintf.o)
                0x0800998c                _vfprintf_r
                0x0800998c                _vfiprintf_r
 .text.__sflush_r
                0x08009bbc      0x108 C:/ST/STM32CubeIDE_1.16.1/STM32CubeIDE/plugins/com.st.stm32cube.ide.mcu.externaltools.gnu-tools-for-stm32.13.3.rel1.win32_1.0.0.202411081344/tools/bin/../lib/gcc/arm-none-eabi/13.3.1/../../../../arm-none-eabi/lib/thumb/v7e-m+fp/hard\libc_nano.a(libc_a-fflush.o)
                0x08009bbc                __sflush_r
 .text._fflush_r
                0x08009cc4       0x50 C:/ST/STM32CubeIDE_1.16.1/STM32CubeIDE/plugins/com.st.stm32cube.ide.mcu.externaltools.gnu-tools-for-stm32.13.3.rel1.win32_1.0.0.202411081344/tools/bin/../lib/gcc/arm-none-eabi/13.3.1/../../../../arm-none-eabi/lib/thumb/v7e-m+fp/hard\libc_nano.a(libc_a-fflush.o)
                0x08009cc4                _fflush_r
 .text.__swhatbuf_r
                0x08009d14       0x4c C:/ST/STM32CubeIDE_1.16.1/STM32CubeIDE/plugins/com.st.stm32cube.ide.mcu.externaltools.gnu-tools-for-stm32.13.3.rel1.win32_1.0.0.202411081344/tools/bin/../lib/gcc/arm-none-eabi/13.3.1/../../../../arm-none-eabi/lib/thumb/v7e-m+fp/hard\libc_nano.a(libc_a-makebuf.o)
                0x08009d14                __swhatbuf_r
 .text.__smakebuf_r
                0x08009d60       0x78 C:/ST/STM32CubeIDE_1.16.1/STM32CubeIDE/plugins/com.st.stm32cube.ide.mcu.externaltools.gnu-tools-for-stm32.13.3.rel1.win32_1.0.0.202411081344/tools/bin/../lib/gcc/arm-none-eabi/13.3.1/../../../../arm-none-eabi/lib/thumb/v7e-m+fp/hard\libc_nano.a(libc_a-makebuf.o)
                0x08009d60                __smakebuf_r
 .text._fstat_r
                0x08009dd8       0x24 C:/ST/STM32CubeIDE_1.16.1/STM32CubeIDE/plugins/com.st.stm32cube.ide.mcu.externaltools.gnu-tools-for-stm32.13.3.rel1.win32_1.0.0.202411081344/tools/bin/../lib/gcc/arm-none-eabi/13.3.1/../../../../arm-none-eabi/lib/thumb/v7e-m+fp/hard\libc_nano.a(libc_a-fstatr.o)
                0x08009dd8                _fstat_r
 .text._isatty_r
                0x08009dfc       0x20 C:/ST/STM32CubeIDE_1.16.1/STM32CubeIDE/plugins/com.st.stm32cube.ide.mcu.externaltools.gnu-tools-for-stm32.13.3.rel1.win32_1.0.0.202411081344/tools/bin/../lib/gcc/arm-none-eabi/13.3.1/../../../../arm-none-eabi/lib/thumb/v7e-m+fp/hard\libc_nano.a(libc_a-isattyr.o)
                0x08009dfc                _isatty_r
 .text.__assert_func
                0x08009e1c       0x3c C:/ST/STM32CubeIDE_1.16.1/STM32CubeIDE/plugins/com.st.stm32cube.ide.mcu.externaltools.gnu-tools-for-stm32.13.3.rel1.win32_1.0.0.202411081344/tools/bin/../lib/gcc/arm-none-eabi/13.3.1/../../../../arm-none-eabi/lib/thumb/v7e-m+fp/hard\libc_nano.a(libc_a-assert.o)
                0x08009e1c                __assert_func
 .text._calloc_r
                0x08009e58       0x28 C:/ST/STM32CubeIDE_1.16.1/STM32CubeIDE/plugins/com.st.stm32cube.ide.mcu.externaltools.gnu-tools-for-stm32.13.3.rel1.win32_1.0.0.202411081344/tools/bin/../lib/gcc/arm-none-eabi/13.3.1/../../../../arm-none-eabi/lib/thumb/v7e-m+fp/hard\libc_nano.a(libc_a-callocr.o)
                0x08009e58                _calloc_r
 .text.__ascii_mbtowc
                0x08009e80       0x24 C:/ST/STM32CubeIDE_1.16.1/STM32CubeIDE/plugins/com.st.stm32cube.ide.mcu.externaltools.gnu-tools-for-stm32.13.3.rel1.win32_1.0.0.202411081344/tools/bin/../lib/gcc/arm-none-eabi/13.3.1/../../../../arm-none-eabi/lib/thumb/v7e-m+fp/hard\libc_nano.a(libc_a-mbtowc_r.o)
                0x08009e80                __ascii_mbtowc
 .text.__ascii_wctomb
                0x08009ea4       0x1a C:/ST/STM32CubeIDE_1.16.1/STM32CubeIDE/plugins/com.st.stm32cube.ide.mcu.externaltools.gnu-tools-for-stm32.13.3.rel1.win32_1.0.0.202411081344/tools/bin/../lib/gcc/arm-none-eabi/13.3.1/../../../../arm-none-eabi/lib/thumb/v7e-m+fp/hard\libc_nano.a(libc_a-wctomb_r.o)
                0x08009ea4                __ascii_wctomb
 *fill*         0x08009ebe        0x2 
 .text.fprintf  0x08009ec0       0x24 C:/ST/STM32CubeIDE_1.16.1/STM32CubeIDE/plugins/com.st.stm32cube.ide.mcu.externaltools.gnu-tools-for-stm32.13.3.rel1.win32_1.0.0.202411081344/tools/bin/../lib/gcc/arm-none-eabi/13.3.1/../../../../arm-none-eabi/lib/thumb/v7e-m+fp/hard\libc_nano.a(libc_a-fprintf.o)
                0x08009ec0                fiprintf
                0x08009ec0                fprintf
 .text.abort    0x08009ee4        0xe C:/ST/STM32CubeIDE_1.16.1/STM32CubeIDE/plugins/com.st.stm32cube.ide.mcu.externaltools.gnu-tools-for-stm32.13.3.rel1.win32_1.0.0.202411081344/tools/bin/../lib/gcc/arm-none-eabi/13.3.1/../../../../arm-none-eabi/lib/thumb/v7e-m+fp/hard\libc_nano.a(libc_a-abort.o)
                0x08009ee4                abort
 .text._raise_r
                0x08009ef2       0x50 C:/ST/STM32CubeIDE_1.16.1/STM32CubeIDE/plugins/com.st.stm32cube.ide.mcu.externaltools.gnu-tools-for-stm32.13.3.rel1.win32_1.0.0.202411081344/tools/bin/../lib/gcc/arm-none-eabi/13.3.1/../../../../arm-none-eabi/lib/thumb/v7e-m+fp/hard\libc_nano.a(libc_a-signal.o)
                0x08009ef2                _raise_r
 *fill*         0x08009f42        0x2 
 .text.raise    0x08009f44       0x10 C:/ST/STM32CubeIDE_1.16.1/STM32CubeIDE/plugins/com.st.stm32cube.ide.mcu.externaltools.gnu-tools-for-stm32.13.3.rel1.win32_1.0.0.202411081344/tools/bin/../lib/gcc/arm-none-eabi/13.3.1/../../../../arm-none-eabi/lib/thumb/v7e-m+fp/hard\libc_nano.a(libc_a-signal.o)
                0x08009f44                raise
 .text._kill_r  0x08009f54       0x24 C:/ST/STM32CubeIDE_1.16.1/STM32CubeIDE/plugins/com.st.stm32cube.ide.mcu.externaltools.gnu-tools-for-stm32.13.3.rel1.win32_1.0.0.202411081344/tools/bin/../lib/gcc/arm-none-eabi/13.3.1/../../../../arm-none-eabi/lib/thumb/v7e-m+fp/hard\libc_nano.a(libc_a-signalr.o)
                0x08009f54                _kill_r
 .text._getpid_r
                0x08009f78        0x4 C:/ST/STM32CubeIDE_1.16.1/STM32CubeIDE/plugins/com.st.stm32cube.ide.mcu.externaltools.gnu-tools-for-stm32.13.3.rel1.win32_1.0.0.202411081344/tools/bin/../lib/gcc/arm-none-eabi/13.3.1/../../../../arm-none-eabi/lib/thumb/v7e-m+fp/hard\libc_nano.a(libc_a-signalr.o)
                0x08009f78                _getpid_r
 .text.expf     0x08009f7c       0x6c C:/ST/STM32CubeIDE_1.16.1/STM32CubeIDE/plugins/com.st.stm32cube.ide.mcu.externaltools.gnu-tools-for-stm32.13.3.rel1.win32_1.0.0.202411081344/tools/bin/../lib/gcc/arm-none-eabi/13.3.1/../../../../arm-none-eabi/lib/thumb/v7e-m+fp/hard\libm.a(libm_a-wf_exp.o)
                0x08009f7c                expf
 .text.finitef  0x08009fe8       0x14 C:/ST/STM32CubeIDE_1.16.1/STM32CubeIDE/plugins/com.st.stm32cube.ide.mcu.externaltools.gnu-tools-for-stm32.13.3.rel1.win32_1.0.0.202411081344/tools/bin/../lib/gcc/arm-none-eabi/13.3.1/../../../../arm-none-eabi/lib/thumb/v7e-m+fp/hard\libm.a(libm_a-sf_finite.o)
                0x08009fe8                finitef
 .text.with_errnof
                0x08009ffc       0x1c C:/ST/STM32CubeIDE_1.16.1/STM32CubeIDE/plugins/com.st.stm32cube.ide.mcu.externaltools.gnu-tools-for-stm32.13.3.rel1.win32_1.0.0.202411081344/tools/bin/../lib/gcc/arm-none-eabi/13.3.1/../../../../arm-none-eabi/lib/thumb/v7e-m+fp/hard\libm.a(libm_a-math_errf.o)
 .text.xflowf   0x0800a018       0x16 C:/ST/STM32CubeIDE_1.16.1/STM32CubeIDE/plugins/com.st.stm32cube.ide.mcu.externaltools.gnu-tools-for-stm32.13.3.rel1.win32_1.0.0.202411081344/tools/bin/../lib/gcc/arm-none-eabi/13.3.1/../../../../arm-none-eabi/lib/thumb/v7e-m+fp/hard\libm.a(libm_a-math_errf.o)
 *fill*         0x0800a02e        0x2 
 .text.__math_uflowf
                0x0800a030        0xc C:/ST/STM32CubeIDE_1.16.1/STM32CubeIDE/plugins/com.st.stm32cube.ide.mcu.externaltools.gnu-tools-for-stm32.13.3.rel1.win32_1.0.0.202411081344/tools/bin/../lib/gcc/arm-none-eabi/13.3.1/../../../../arm-none-eabi/lib/thumb/v7e-m+fp/hard\libm.a(libm_a-math_errf.o)
                0x0800a030                __math_uflowf
 .text.__math_oflowf
                0x0800a03c        0xc C:/ST/STM32CubeIDE_1.16.1/STM32CubeIDE/plugins/com.st.stm32cube.ide.mcu.externaltools.gnu-tools-for-stm32.13.3.rel1.win32_1.0.0.202411081344/tools/bin/../lib/gcc/arm-none-eabi/13.3.1/../../../../arm-none-eabi/lib/thumb/v7e-m+fp/hard\libm.a(libm_a-math_errf.o)
                0x0800a03c                __math_oflowf
 .text.__ieee754_expf
                0x0800a048      0x19c C:/ST/STM32CubeIDE_1.16.1/STM32CubeIDE/plugins/com.st.stm32cube.ide.mcu.externaltools.gnu-tools-for-stm32.13.3.rel1.win32_1.0.0.202411081344/tools/bin/../lib/gcc/arm-none-eabi/13.3.1/../../../../arm-none-eabi/lib/thumb/v7e-m+fp/hard\libm.a(libm_a-ef_exp.o)
                0x0800a048                __ieee754_expf
 *(.glue_7)
 .glue_7        0x0800a1e4        0x0 linker stubs
 *(.glue_7t)
 .glue_7t       0x0800a1e4        0x0 linker stubs
 *(.eh_frame)
 .eh_frame      0x0800a1e4        0x0 C:/ST/STM32CubeIDE_1.16.1/STM32CubeIDE/plugins/com.st.stm32cube.ide.mcu.externaltools.gnu-tools-for-stm32.13.3.rel1.win32_1.0.0.202411081344/tools/bin/../lib/gcc/arm-none-eabi/13.3.1/thumb/v7e-m+fp/hard/crtbegin.o
 *(.init)
 .init          0x0800a1e4        0x4 C:/ST/STM32CubeIDE_1.16.1/STM32CubeIDE/plugins/com.st.stm32cube.ide.mcu.externaltools.gnu-tools-for-stm32.13.3.rel1.win32_1.0.0.202411081344/tools/bin/../lib/gcc/arm-none-eabi/13.3.1/thumb/v7e-m+fp/hard/crti.o
                0x0800a1e4                _init
 .init          0x0800a1e8        0x8 C:/ST/STM32CubeIDE_1.16.1/STM32CubeIDE/plugins/com.st.stm32cube.ide.mcu.externaltools.gnu-tools-for-stm32.13.3.rel1.win32_1.0.0.202411081344/tools/bin/../lib/gcc/arm-none-eabi/13.3.1/thumb/v7e-m+fp/hard/crtn.o
 *(.fini)
 .fini          0x0800a1f0        0x4 C:/ST/STM32CubeIDE_1.16.1/STM32CubeIDE/plugins/com.st.stm32cube.ide.mcu.externaltools.gnu-tools-for-stm32.13.3.rel1.win32_1.0.0.202411081344/tools/bin/../lib/gcc/arm-none-eabi/13.3.1/thumb/v7e-m+fp/hard/crti.o
                0x0800a1f0                _fini
 .fini          0x0800a1f4        0x8 C:/ST/STM32CubeIDE_1.16.1/STM32CubeIDE/plugins/com.st.stm32cube.ide.mcu.externaltools.gnu-tools-for-stm32.13.3.rel1.win32_1.0.0.202411081344/tools/bin/../lib/gcc/arm-none-eabi/13.3.1/thumb/v7e-m+fp/hard/crtn.o
                0x0800a1fc                        . = ALIGN (0x4)
                0x0800a1fc                        _etext = .

.vfp11_veneer   0x0800a1fc        0x0
 .vfp11_veneer  0x0800a1fc        0x0 linker stubs

.v4_bx          0x0800a1fc        0x0
 .v4_bx         0x0800a1fc        0x0 linker stubs

.iplt           0x0800a1fc        0x0
 .iplt          0x0800a1fc        0x0 C:/ST/STM32CubeIDE_1.16.1/STM32CubeIDE/plugins/com.st.stm32cube.ide.mcu.externaltools.gnu-tools-for-stm32.13.3.rel1.win32_1.0.0.202411081344/tools/bin/../lib/gcc/arm-none-eabi/13.3.1/thumb/v7e-m+fp/hard/crtbegin.o

.rodata         0x0800a200    0x3ed44
                0x0800a200                        . = ALIGN (0x4)
 *(.rodata)
 .rodata        0x0800a200      0x1c9 ./Core/Src/main.o
 *fill*         0x0800a3c9        0x3 
 .rodata        0x0800a3cc       0x30 ./X-CUBE-AI/App/circle_data.o
 *(.rodata*)
 .rodata.AHBPrescTable
                0x0800a3fc       0x10 ./Core/Src/system_stm32f4xx.o
                0x0800a3fc                AHBPrescTable
 .rodata.APBPrescTable
                0x0800a40c        0x8 ./Core/Src/system_stm32f4xx.o
                0x0800a40c                APBPrescTable
 .rodata.nl_11_chain
                0x0800a414        0x8 ./X-CUBE-AI/App/circle.o
 .rodata.gemm_10_chain
                0x0800a41c        0x8 ./X-CUBE-AI/App/circle.o
 .rodata.nl_9_nl_chain
                0x0800a424        0x8 ./X-CUBE-AI/App/circle.o
 .rodata.gemm_9_chain
                0x0800a42c        0x8 ./X-CUBE-AI/App/circle.o
 .rodata.nl_7_nl_chain
                0x0800a434        0x8 ./X-CUBE-AI/App/circle.o
 .rodata.conv2d_7_chain
                0x0800a43c        0x8 ./X-CUBE-AI/App/circle.o
 .rodata.pool_4_chain
                0x0800a444        0x8 ./X-CUBE-AI/App/circle.o
 .rodata.nl_1_nl_chain
                0x0800a44c        0x8 ./X-CUBE-AI/App/circle.o
 .rodata.conv2d_1_chain
                0x0800a454        0x8 ./X-CUBE-AI/App/circle.o
 *fill*         0x0800a45c        0x4 
 .rodata.s_circle_weights_array_u64
                0x0800a460    0x3e758 ./X-CUBE-AI/App/circle_data_params.o
                0x0800a460                s_circle_weights_array_u64
 .rodata._printf_float.str1.1
                0x08048bb8      0x171 C:/ST/STM32CubeIDE_1.16.1/STM32CubeIDE/plugins/com.st.stm32cube.ide.mcu.externaltools.gnu-tools-for-stm32.13.3.rel1.win32_1.0.0.202411081344/tools/bin/../lib/gcc/arm-none-eabi/13.3.1/../../../../arm-none-eabi/lib/thumb/v7e-m+fp/hard\libc_nano.a(libc_a-nano-vfprintf_float.o)
                                 0x12 (size before relaxing)
 .rodata._printf_i.str1.1
                0x08048d29       0x22 C:/ST/STM32CubeIDE_1.16.1/STM32CubeIDE/plugins/com.st.stm32cube.ide.mcu.externaltools.gnu-tools-for-stm32.13.3.rel1.win32_1.0.0.202411081344/tools/bin/../lib/gcc/arm-none-eabi/13.3.1/../../../../arm-none-eabi/lib/thumb/v7e-m+fp/hard\libc_nano.a(libc_a-nano-vfprintf_i.o)
 .rodata._dtoa_r.str1.1
                0x08048d29       0x8f C:/ST/STM32CubeIDE_1.16.1/STM32CubeIDE/plugins/com.st.stm32cube.ide.mcu.externaltools.gnu-tools-for-stm32.13.3.rel1.win32_1.0.0.202411081344/tools/bin/../lib/gcc/arm-none-eabi/13.3.1/../../../../arm-none-eabi/lib/thumb/v7e-m+fp/hard\libc_nano.a(libc_a-dtoa.o)
 .rodata._Balloc.str1.1
                0x08048d29       0x70 C:/ST/STM32CubeIDE_1.16.1/STM32CubeIDE/plugins/com.st.stm32cube.ide.mcu.externaltools.gnu-tools-for-stm32.13.3.rel1.win32_1.0.0.202411081344/tools/bin/../lib/gcc/arm-none-eabi/13.3.1/../../../../arm-none-eabi/lib/thumb/v7e-m+fp/hard\libc_nano.a(libc_a-mprec.o)
 .rodata.__multadd.str1.1
                0x08048d29       0x11 C:/ST/STM32CubeIDE_1.16.1/STM32CubeIDE/plugins/com.st.stm32cube.ide.mcu.externaltools.gnu-tools-for-stm32.13.3.rel1.win32_1.0.0.202411081344/tools/bin/../lib/gcc/arm-none-eabi/13.3.1/../../../../arm-none-eabi/lib/thumb/v7e-m+fp/hard\libc_nano.a(libc_a-mprec.o)
 *fill*         0x08048d29        0x3 
 .rodata.p05.0  0x08048d2c        0xc C:/ST/STM32CubeIDE_1.16.1/STM32CubeIDE/plugins/com.st.stm32cube.ide.mcu.externaltools.gnu-tools-for-stm32.13.3.rel1.win32_1.0.0.202411081344/tools/bin/../lib/gcc/arm-none-eabi/13.3.1/../../../../arm-none-eabi/lib/thumb/v7e-m+fp/hard\libc_nano.a(libc_a-mprec.o)
 .rodata.__mprec_bigtens
                0x08048d38       0x28 C:/ST/STM32CubeIDE_1.16.1/STM32CubeIDE/plugins/com.st.stm32cube.ide.mcu.externaltools.gnu-tools-for-stm32.13.3.rel1.win32_1.0.0.202411081344/tools/bin/../lib/gcc/arm-none-eabi/13.3.1/../../../../arm-none-eabi/lib/thumb/v7e-m+fp/hard\libc_nano.a(libc_a-mprec.o)
                0x08048d38                __mprec_bigtens
 .rodata.__mprec_tens
                0x08048d60       0xc8 C:/ST/STM32CubeIDE_1.16.1/STM32CubeIDE/plugins/com.st.stm32cube.ide.mcu.externaltools.gnu-tools-for-stm32.13.3.rel1.win32_1.0.0.202411081344/tools/bin/../lib/gcc/arm-none-eabi/13.3.1/../../../../arm-none-eabi/lib/thumb/v7e-m+fp/hard\libc_nano.a(libc_a-mprec.o)
                0x08048d60                __mprec_tens
 .rodata._vfprintf_r.str1.1
                0x08048e28       0x11 C:/ST/STM32CubeIDE_1.16.1/STM32CubeIDE/plugins/com.st.stm32cube.ide.mcu.externaltools.gnu-tools-for-stm32.13.3.rel1.win32_1.0.0.202411081344/tools/bin/../lib/gcc/arm-none-eabi/13.3.1/../../../../arm-none-eabi/lib/thumb/v7e-m+fp/hard\libc_nano.a(libc_a-nano-vfprintf.o)
 .rodata._setlocale_r.str1.1
                0x08048e28        0x9 C:/ST/STM32CubeIDE_1.16.1/STM32CubeIDE/plugins/com.st.stm32cube.ide.mcu.externaltools.gnu-tools-for-stm32.13.3.rel1.win32_1.0.0.202411081344/tools/bin/../lib/gcc/arm-none-eabi/13.3.1/../../../../arm-none-eabi/lib/thumb/v7e-m+fp/hard\libc_nano.a(libc_a-locale.o)
 .rodata.str1.1
                0x08048e28        0x2 C:/ST/STM32CubeIDE_1.16.1/STM32CubeIDE/plugins/com.st.stm32cube.ide.mcu.externaltools.gnu-tools-for-stm32.13.3.rel1.win32_1.0.0.202411081344/tools/bin/../lib/gcc/arm-none-eabi/13.3.1/../../../../arm-none-eabi/lib/thumb/v7e-m+fp/hard\libc_nano.a(libc_a-locale.o)
 .rodata.__assert_func.str1.1
                0x08048e28       0x3d C:/ST/STM32CubeIDE_1.16.1/STM32CubeIDE/plugins/com.st.stm32cube.ide.mcu.externaltools.gnu-tools-for-stm32.13.3.rel1.win32_1.0.0.202411081344/tools/bin/../lib/gcc/arm-none-eabi/13.3.1/../../../../arm-none-eabi/lib/thumb/v7e-m+fp/hard\libc_nano.a(libc_a-assert.o)
 .rodata._ctype_
                0x08048e28      0x101 C:/ST/STM32CubeIDE_1.16.1/STM32CubeIDE/plugins/com.st.stm32cube.ide.mcu.externaltools.gnu-tools-for-stm32.13.3.rel1.win32_1.0.0.202411081344/tools/bin/../lib/gcc/arm-none-eabi/13.3.1/../../../../arm-none-eabi/lib/thumb/v7e-m+fp/hard\libc_nano.a(libc_a-ctype_.o)
                0x08048e28                _ctype_
 *fill*         0x08048f29        0x3 
 .rodata.ln2LO  0x08048f2c        0x8 C:/ST/STM32CubeIDE_1.16.1/STM32CubeIDE/plugins/com.st.stm32cube.ide.mcu.externaltools.gnu-tools-for-stm32.13.3.rel1.win32_1.0.0.202411081344/tools/bin/../lib/gcc/arm-none-eabi/13.3.1/../../../../arm-none-eabi/lib/thumb/v7e-m+fp/hard\libm.a(libm_a-ef_exp.o)
 .rodata.ln2HI  0x08048f34        0x8 C:/ST/STM32CubeIDE_1.16.1/STM32CubeIDE/plugins/com.st.stm32cube.ide.mcu.externaltools.gnu-tools-for-stm32.13.3.rel1.win32_1.0.0.202411081344/tools/bin/../lib/gcc/arm-none-eabi/13.3.1/../../../../arm-none-eabi/lib/thumb/v7e-m+fp/hard\libm.a(libm_a-ef_exp.o)
 .rodata.halF   0x08048f3c        0x8 C:/ST/STM32CubeIDE_1.16.1/STM32CubeIDE/plugins/com.st.stm32cube.ide.mcu.externaltools.gnu-tools-for-stm32.13.3.rel1.win32_1.0.0.202411081344/tools/bin/../lib/gcc/arm-none-eabi/13.3.1/../../../../arm-none-eabi/lib/thumb/v7e-m+fp/hard\libm.a(libm_a-ef_exp.o)
                0x08048f44                        . = ALIGN (0x4)

.ARM.extab      0x08048f44        0x0
                0x08048f44                        . = ALIGN (0x4)
 *(.ARM.extab* .gnu.linkonce.armextab.*)
                0x08048f44                        . = ALIGN (0x4)

.ARM            0x08048f44        0x8
                0x08048f44                        . = ALIGN (0x4)
                0x08048f44                        __exidx_start = .
 *(.ARM.exidx*)
 .ARM.exidx     0x08048f44        0x8 C:/ST/STM32CubeIDE_1.16.1/STM32CubeIDE/plugins/com.st.stm32cube.ide.mcu.externaltools.gnu-tools-for-stm32.13.3.rel1.win32_1.0.0.202411081344/tools/bin/../lib/gcc/arm-none-eabi/13.3.1/../../../../arm-none-eabi/lib/thumb/v7e-m+fp/hard\libc_nano.a(libc_a-memchr.o)
 .ARM.exidx     0x08048f4c        0x0 C:/ST/STM32CubeIDE_1.16.1/STM32CubeIDE/plugins/com.st.stm32cube.ide.mcu.externaltools.gnu-tools-for-stm32.13.3.rel1.win32_1.0.0.202411081344/tools/bin/../lib/gcc/arm-none-eabi/13.3.1/../../../../arm-none-eabi/lib/thumb/v7e-m+fp/hard\libc_nano.a(libc_a-strlen.o)
                                  0x8 (size before relaxing)
 .ARM.exidx     0x08048f4c        0x0 C:/ST/STM32CubeIDE_1.16.1/STM32CubeIDE/plugins/com.st.stm32cube.ide.mcu.externaltools.gnu-tools-for-stm32.13.3.rel1.win32_1.0.0.202411081344/tools/bin/../lib/gcc/arm-none-eabi/13.3.1/thumb/v7e-m+fp/hard\libgcc.a(_udivmoddi4.o)
                                  0x8 (size before relaxing)
                0x08048f4c                        __exidx_end = .
                0x08048f4c                        . = ALIGN (0x4)

.preinit_array  0x08048f4c        0x0
                0x08048f4c                        . = ALIGN (0x4)
                0x08048f4c                        PROVIDE (__preinit_array_start = .)
 *(.preinit_array*)
                0x08048f4c                        PROVIDE (__preinit_array_end = .)
                0x08048f4c                        . = ALIGN (0x4)

.init_array     0x08048f4c        0x4
                0x08048f4c                        . = ALIGN (0x4)
                0x08048f4c                        PROVIDE (__init_array_start = .)
 *(SORT_BY_NAME(.init_array.*))
 *(.init_array*)
 .init_array    0x08048f4c        0x4 C:/ST/STM32CubeIDE_1.16.1/STM32CubeIDE/plugins/com.st.stm32cube.ide.mcu.externaltools.gnu-tools-for-stm32.13.3.rel1.win32_1.0.0.202411081344/tools/bin/../lib/gcc/arm-none-eabi/13.3.1/thumb/v7e-m+fp/hard/crtbegin.o
                0x08048f50                        PROVIDE (__init_array_end = .)
                0x08048f50                        . = ALIGN (0x4)

.fini_array     0x08048f50        0x4
                0x08048f50                        . = ALIGN (0x4)
                [!provide]                        PROVIDE (__fini_array_start = .)
 *(SORT_BY_NAME(.fini_array.*))
 *(.fini_array*)
 .fini_array    0x08048f50        0x4 C:/ST/STM32CubeIDE_1.16.1/STM32CubeIDE/plugins/com.st.stm32cube.ide.mcu.externaltools.gnu-tools-for-stm32.13.3.rel1.win32_1.0.0.202411081344/tools/bin/../lib/gcc/arm-none-eabi/13.3.1/thumb/v7e-m+fp/hard/crtbegin.o
                [!provide]                        PROVIDE (__fini_array_end = .)
                0x08048f54                        . = ALIGN (0x4)
                0x08048f54                        _sidata = LOADADDR (.data)

.rel.dyn        0x08048f54        0x0
 .rel.iplt      0x08048f54        0x0 C:/ST/STM32CubeIDE_1.16.1/STM32CubeIDE/plugins/com.st.stm32cube.ide.mcu.externaltools.gnu-tools-for-stm32.13.3.rel1.win32_1.0.0.202411081344/tools/bin/../lib/gcc/arm-none-eabi/13.3.1/thumb/v7e-m+fp/hard/crtbegin.o

.data           0x20000000      0xd44 load address 0x08048f54
                0x20000000                        . = ALIGN (0x4)
                0x20000000                        _sdata = .
 *(.data)
 *(.data*)
 .data.acc_lsb  0x20000000        0x4 ./Core/Src/main.o
                0x20000000                acc_lsb
 .data.gyro_lsb
                0x20000004        0x4 ./Core/Src/main.o
                0x20000004                gyro_lsb
 .data.SystemCoreClock
                0x20000008        0x4 ./Core/Src/system_stm32f4xx.o
                0x20000008                SystemCoreClock
 .data.uwTickPrio
                0x2000000c        0x4 ./Drivers/STM32F4xx_HAL_Driver/Src/stm32f4xx_hal.o
                0x2000000c                uwTickPrio
 .data.uwTickFreq
                0x20000010        0x1 ./Drivers/STM32F4xx_HAL_Driver/Src/stm32f4xx_hal.o
                0x20000010                uwTickFreq
 *fill*         0x20000011        0x3 
 .data.serving_default_keras_tensor_120_output_array
                0x20000014       0x10 ./X-CUBE-AI/App/circle.o
 .data.conv2d_1_output_array
                0x20000024       0x10 ./X-CUBE-AI/App/circle.o
 .data.nl_1_nl_output_array
                0x20000034       0x10 ./X-CUBE-AI/App/circle.o
 .data.pool_4_output_array
                0x20000044       0x10 ./X-CUBE-AI/App/circle.o
 .data.conv2d_7_output_array
                0x20000054       0x10 ./X-CUBE-AI/App/circle.o
 .data.nl_7_nl_output_array
                0x20000064       0x10 ./X-CUBE-AI/App/circle.o
 .data.gemm_9_output_array
                0x20000074       0x10 ./X-CUBE-AI/App/circle.o
 .data.nl_9_nl_output_array
                0x20000084       0x10 ./X-CUBE-AI/App/circle.o
 .data.gemm_10_output_array
                0x20000094       0x10 ./X-CUBE-AI/App/circle.o
 .data.nl_11_output_array
                0x200000a4       0x10 ./X-CUBE-AI/App/circle.o
 .data.conv2d_1_weights_array
                0x200000b4       0x10 ./X-CUBE-AI/App/circle.o
 .data.conv2d_1_bias_array
                0x200000c4       0x10 ./X-CUBE-AI/App/circle.o
 .data.conv2d_7_weights_array
                0x200000d4       0x10 ./X-CUBE-AI/App/circle.o
 .data.conv2d_7_bias_array
                0x200000e4       0x10 ./X-CUBE-AI/App/circle.o
 .data.gemm_9_weights_array
                0x200000f4       0x10 ./X-CUBE-AI/App/circle.o
 .data.gemm_9_bias_array
                0x20000104       0x10 ./X-CUBE-AI/App/circle.o
 .data.gemm_10_weights_array
                0x20000114       0x10 ./X-CUBE-AI/App/circle.o
 .data.gemm_10_bias_array
                0x20000124       0x10 ./X-CUBE-AI/App/circle.o
 .data.conv2d_1_scratch0_array
                0x20000134       0x10 ./X-CUBE-AI/App/circle.o
 .data.conv2d_7_scratch0_array
                0x20000144       0x10 ./X-CUBE-AI/App/circle.o
 .data.__compound_literal.0
                0x20000154       0x10 ./X-CUBE-AI/App/circle.o
 .data.__compound_literal.1
                0x20000164       0x10 ./X-CUBE-AI/App/circle.o
 .data.conv2d_1_bias
                0x20000174       0x1c ./X-CUBE-AI/App/circle.o
 .data.__compound_literal.2
                0x20000190       0x10 ./X-CUBE-AI/App/circle.o
 .data.__compound_literal.3
                0x200001a0       0x10 ./X-CUBE-AI/App/circle.o
 .data.conv2d_1_output
                0x200001b0       0x1c ./X-CUBE-AI/App/circle.o
 .data.__compound_literal.4
                0x200001cc       0x10 ./X-CUBE-AI/App/circle.o
 .data.__compound_literal.5
                0x200001dc       0x10 ./X-CUBE-AI/App/circle.o
 .data.conv2d_1_scratch0
                0x200001ec       0x1c ./X-CUBE-AI/App/circle.o
 .data.__compound_literal.6
                0x20000208       0x10 ./X-CUBE-AI/App/circle.o
 .data.__compound_literal.7
                0x20000218       0x10 ./X-CUBE-AI/App/circle.o
 .data.conv2d_1_weights
                0x20000228       0x1c ./X-CUBE-AI/App/circle.o
 .data.__compound_literal.8
                0x20000244       0x10 ./X-CUBE-AI/App/circle.o
 .data.__compound_literal.9
                0x20000254       0x10 ./X-CUBE-AI/App/circle.o
 .data.conv2d_7_bias
                0x20000264       0x1c ./X-CUBE-AI/App/circle.o
 .data.__compound_literal.10
                0x20000280       0x10 ./X-CUBE-AI/App/circle.o
 .data.__compound_literal.11
                0x20000290       0x10 ./X-CUBE-AI/App/circle.o
 .data.conv2d_7_output
                0x200002a0       0x1c ./X-CUBE-AI/App/circle.o
 .data.__compound_literal.12
                0x200002bc       0x10 ./X-CUBE-AI/App/circle.o
 .data.__compound_literal.13
                0x200002cc       0x10 ./X-CUBE-AI/App/circle.o
 .data.conv2d_7_scratch0
                0x200002dc       0x1c ./X-CUBE-AI/App/circle.o
 .data.__compound_literal.14
                0x200002f8       0x10 ./X-CUBE-AI/App/circle.o
 .data.__compound_literal.15
                0x20000308       0x10 ./X-CUBE-AI/App/circle.o
 .data.conv2d_7_weights
                0x20000318       0x1c ./X-CUBE-AI/App/circle.o
 .data.__compound_literal.16
                0x20000334       0x10 ./X-CUBE-AI/App/circle.o
 .data.__compound_literal.17
                0x20000344       0x10 ./X-CUBE-AI/App/circle.o
 .data.gemm_10_bias
                0x20000354       0x1c ./X-CUBE-AI/App/circle.o
 .data.__compound_literal.18
                0x20000370       0x10 ./X-CUBE-AI/App/circle.o
 .data.__compound_literal.19
                0x20000380       0x10 ./X-CUBE-AI/App/circle.o
 .data.gemm_10_output
                0x20000390       0x1c ./X-CUBE-AI/App/circle.o
 .data.__compound_literal.20
                0x200003ac       0x10 ./X-CUBE-AI/App/circle.o
 .data.__compound_literal.21
                0x200003bc       0x10 ./X-CUBE-AI/App/circle.o
 .data.gemm_10_weights
                0x200003cc       0x1c ./X-CUBE-AI/App/circle.o
 .data.__compound_literal.22
                0x200003e8       0x10 ./X-CUBE-AI/App/circle.o
 .data.__compound_literal.23
                0x200003f8       0x10 ./X-CUBE-AI/App/circle.o
 .data.gemm_9_bias
                0x20000408       0x1c ./X-CUBE-AI/App/circle.o
 .data.__compound_literal.24
                0x20000424       0x10 ./X-CUBE-AI/App/circle.o
 .data.__compound_literal.25
                0x20000434       0x10 ./X-CUBE-AI/App/circle.o
 .data.gemm_9_output
                0x20000444       0x1c ./X-CUBE-AI/App/circle.o
 .data.__compound_literal.26
                0x20000460       0x10 ./X-CUBE-AI/App/circle.o
 .data.__compound_literal.27
                0x20000470       0x10 ./X-CUBE-AI/App/circle.o
 .data.gemm_9_weights
                0x20000480       0x1c ./X-CUBE-AI/App/circle.o
 .data.__compound_literal.28
                0x2000049c       0x10 ./X-CUBE-AI/App/circle.o
 .data.__compound_literal.29
                0x200004ac       0x10 ./X-CUBE-AI/App/circle.o
 .data.nl_11_output
                0x200004bc       0x1c ./X-CUBE-AI/App/circle.o
 .data.__compound_literal.30
                0x200004d8       0x10 ./X-CUBE-AI/App/circle.o
 .data.__compound_literal.31
                0x200004e8       0x10 ./X-CUBE-AI/App/circle.o
 .data.nl_1_nl_output
                0x200004f8       0x1c ./X-CUBE-AI/App/circle.o
 .data.__compound_literal.32
                0x20000514       0x10 ./X-CUBE-AI/App/circle.o
 .data.__compound_literal.33
                0x20000524       0x10 ./X-CUBE-AI/App/circle.o
 .data.nl_7_nl_output
                0x20000534       0x1c ./X-CUBE-AI/App/circle.o
 .data.__compound_literal.34
                0x20000550       0x10 ./X-CUBE-AI/App/circle.o
 .data.__compound_literal.35
                0x20000560       0x10 ./X-CUBE-AI/App/circle.o
 .data.nl_7_nl_output0
                0x20000570       0x1c ./X-CUBE-AI/App/circle.o
 .data.__compound_literal.36
                0x2000058c       0x10 ./X-CUBE-AI/App/circle.o
 .data.__compound_literal.37
                0x2000059c       0x10 ./X-CUBE-AI/App/circle.o
 .data.nl_9_nl_output
                0x200005ac       0x1c ./X-CUBE-AI/App/circle.o
 .data.__compound_literal.38
                0x200005c8       0x10 ./X-CUBE-AI/App/circle.o
 .data.__compound_literal.39
                0x200005d8       0x10 ./X-CUBE-AI/App/circle.o
 .data.pool_4_output
                0x200005e8       0x1c ./X-CUBE-AI/App/circle.o
 .data.__compound_literal.40
                0x20000604       0x10 ./X-CUBE-AI/App/circle.o
 .data.__compound_literal.41
                0x20000614       0x10 ./X-CUBE-AI/App/circle.o
 .data.serving_default_keras_tensor_120_output
                0x20000624       0x1c ./X-CUBE-AI/App/circle.o
 .data.__compound_literal.42
                0x20000640       0x10 ./X-CUBE-AI/App/circle.o
 .data.__compound_literal.43
                0x20000650       0x10 ./X-CUBE-AI/App/circle.o
 .data.serving_default_keras_tensor_120_output0
                0x20000660       0x1c ./X-CUBE-AI/App/circle.o
 .data.__compound_literal.44
                0x2000067c        0x4 ./X-CUBE-AI/App/circle.o
 .data.__compound_literal.45
                0x20000680        0x4 ./X-CUBE-AI/App/circle.o
 .data.__compound_literal.48
                0x20000684       0x30 ./X-CUBE-AI/App/circle.o
 .data.nl_11_layer
                0x200006b4       0x24 ./X-CUBE-AI/App/circle.o
 .data.__compound_literal.49
                0x200006d8        0x4 ./X-CUBE-AI/App/circle.o
 .data.__compound_literal.50
                0x200006dc        0x4 ./X-CUBE-AI/App/circle.o
 .data.__compound_literal.51
                0x200006e0        0x8 ./X-CUBE-AI/App/circle.o
 .data.__compound_literal.53
                0x200006e8       0x30 ./X-CUBE-AI/App/circle.o
 .data.gemm_10_layer
                0x20000718       0x1c ./X-CUBE-AI/App/circle.o
 .data.__compound_literal.54
                0x20000734        0x4 ./X-CUBE-AI/App/circle.o
 .data.__compound_literal.55
                0x20000738        0x4 ./X-CUBE-AI/App/circle.o
 .data.__compound_literal.58
                0x2000073c       0x30 ./X-CUBE-AI/App/circle.o
 .data.nl_9_nl_layer
                0x2000076c       0x20 ./X-CUBE-AI/App/circle.o
 .data.__compound_literal.59
                0x2000078c        0x4 ./X-CUBE-AI/App/circle.o
 .data.__compound_literal.60
                0x20000790        0x4 ./X-CUBE-AI/App/circle.o
 .data.__compound_literal.61
                0x20000794        0x8 ./X-CUBE-AI/App/circle.o
 .data.__compound_literal.63
                0x2000079c       0x30 ./X-CUBE-AI/App/circle.o
 .data.gemm_9_layer
                0x200007cc       0x1c ./X-CUBE-AI/App/circle.o
 .data.__compound_literal.64
                0x200007e8        0x4 ./X-CUBE-AI/App/circle.o
 .data.__compound_literal.65
                0x200007ec        0x4 ./X-CUBE-AI/App/circle.o
 .data.__compound_literal.68
                0x200007f0       0x30 ./X-CUBE-AI/App/circle.o
 .data.nl_7_nl_layer
                0x20000820       0x20 ./X-CUBE-AI/App/circle.o
 .data.__compound_literal.69
                0x20000840        0x4 ./X-CUBE-AI/App/circle.o
 .data.__compound_literal.70
                0x20000844        0x4 ./X-CUBE-AI/App/circle.o
 .data.__compound_literal.71
                0x20000848        0xc ./X-CUBE-AI/App/circle.o
 .data.__compound_literal.72
                0x20000854        0x8 ./X-CUBE-AI/App/circle.o
 .data.__compound_literal.73
                0x2000085c       0x30 ./X-CUBE-AI/App/circle.o
 .data.__compound_literal.74
                0x2000088c       0x10 ./X-CUBE-AI/App/circle.o
 .data.conv2d_7_layer
                0x2000089c       0x44 ./X-CUBE-AI/App/circle.o
 .data.__compound_literal.75
                0x200008e0        0x4 ./X-CUBE-AI/App/circle.o
 .data.__compound_literal.76
                0x200008e4        0x4 ./X-CUBE-AI/App/circle.o
 .data.__compound_literal.79
                0x200008e8       0x30 ./X-CUBE-AI/App/circle.o
 .data.pool_4_layer
                0x20000918       0x38 ./X-CUBE-AI/App/circle.o
 .data.__compound_literal.81
                0x20000950        0x4 ./X-CUBE-AI/App/circle.o
 .data.__compound_literal.82
                0x20000954        0x4 ./X-CUBE-AI/App/circle.o
 .data.__compound_literal.85
                0x20000958       0x30 ./X-CUBE-AI/App/circle.o
 .data.nl_1_nl_layer
                0x20000988       0x20 ./X-CUBE-AI/App/circle.o
 .data.__compound_literal.86
                0x200009a8        0x4 ./X-CUBE-AI/App/circle.o
 .data.__compound_literal.87
                0x200009ac        0x4 ./X-CUBE-AI/App/circle.o
 .data.__compound_literal.88
                0x200009b0        0xc ./X-CUBE-AI/App/circle.o
 .data.__compound_literal.89
                0x200009bc        0x8 ./X-CUBE-AI/App/circle.o
 .data.__compound_literal.90
                0x200009c4       0x30 ./X-CUBE-AI/App/circle.o
 .data.__compound_literal.91
                0x200009f4       0x10 ./X-CUBE-AI/App/circle.o
 .data.conv2d_1_layer
                0x20000a04       0x44 ./X-CUBE-AI/App/circle.o
 .data.__compound_literal.92
                0x20000a48       0x10 ./X-CUBE-AI/App/circle.o
 .data.__compound_literal.93
                0x20000a58       0x1c ./X-CUBE-AI/App/circle.o
 .data.__compound_literal.94
                0x20000a74       0x10 ./X-CUBE-AI/App/circle.o
 .data.__compound_literal.95
                0x20000a84       0x1c ./X-CUBE-AI/App/circle.o
 .data.__compound_literal.96
                0x20000aa0        0x4 ./X-CUBE-AI/App/circle.o
 .data.__compound_literal.100
                0x20000aa4        0xc ./X-CUBE-AI/App/circle.o
 .data.__compound_literal.101
                0x20000ab0        0x4 ./X-CUBE-AI/App/circle.o
 .data.__compound_literal.105
                0x20000ab4        0xc ./X-CUBE-AI/App/circle.o
 .data.__compound_literal.106
                0x20000ac0       0x18 ./X-CUBE-AI/App/circle.o
 .data.g_circle
                0x20000ad8       0x4c ./X-CUBE-AI/App/circle.o
 .data.__compound_literal.0
                0x20000b24       0x10 ./X-CUBE-AI/App/circle_data.o
 .data.g_circle_data_map_activations
                0x20000b34       0x1c ./X-CUBE-AI/App/circle_data.o
                0x20000b34                g_circle_data_map_activations
 .data.__compound_literal.1
                0x20000b50       0x10 ./X-CUBE-AI/App/circle_data.o
 .data.g_circle_data_map_weights
                0x20000b60       0x1c ./X-CUBE-AI/App/circle_data.o
                0x20000b60                g_circle_data_map_weights
 .data.__sglue  0x20000b7c        0xc C:/ST/STM32CubeIDE_1.16.1/STM32CubeIDE/plugins/com.st.stm32cube.ide.mcu.externaltools.gnu-tools-for-stm32.13.3.rel1.win32_1.0.0.202411081344/tools/bin/../lib/gcc/arm-none-eabi/13.3.1/../../../../arm-none-eabi/lib/thumb/v7e-m+fp/hard\libc_nano.a(libc_a-findfp.o)
                0x20000b7c                __sglue
 .data._impure_ptr